Test run for C:\TVZ\Druga_apsolventska\ASP_Net\Projekt\DnD_Character_Sheet_Creator\DnD_Character_Sheet_Creator.Tests\bin\Debug\net9.0\DnD_Character_Sheet_Creator.Tests.dll (.NETCoreApp,Version=v9.0)
A total of 1 test files matched the specified pattern.
dotnet : [xUnit.net 00:00:00.37]     DnD_Character_Sheet_Creator.Tests.Characte
rLevelsApiControllerTests.Delete_WithInvalidId_ShouldReturnNotFound [FAIL]
At line:1 char:1
+ dotnet test "DnD_Character_Sheet_Creator\DnD_Character_Sheet_Creator. ...
+ ~~~~~~~~~~~~~~~~~~~~~~~~~~~~~~~~~~~~~~~~~~~~~~~~~~~~~~~~~~~~~~~~~~~~~
    + CategoryInfo          : NotSpecified: ([xUnit.net 00:0...NotFound [FAIL] 
   :String) [], RemoteException
    + FullyQualifiedErrorId : NativeCommandError
 
[xUnit.net 00:00:00.37]     DnD_Character_Sheet_Creator.Tests.EquipmentApiContr
ollerTests.Update_WithValidData_ShouldReturnOk [FAIL]
[xUnit.net 00:00:00.37]     DnD_Character_Sheet_Creator.Tests.PlayersApiControl
lerTests.Search_ShouldReturnFilteredPlayers [FAIL]
[xUnit.net 00:00:00.37]     DnD_Character_Sheet_Creator.Tests.CharactersApiCont
rollerTests.Delete_WithValidId_ShouldReturnNoContent [FAIL]
[xUnit.net 00:00:00.38]     DnD_Character_Sheet_Creator.Tests.CharactersApiCont
rollerTests.GetById_WithInvalidId_ShouldReturnNotFound [FAIL]
[xUnit.net 00:00:00.38]     DnD_Character_Sheet_Creator.Tests.EquipmentApiContr
ollerTests.GetById_WithInvalidId_ShouldReturnNotFound [FAIL]
  Failed DnD_Character_Sheet_Creator.Tests.CharacterLevelsApiControllerTests.Delete_WithInvalidId_ShouldReturnNotFound [1 ms]
  Error Message:
   System.InvalidOperationException : Services for database providers 'Microsoft.EntityFrameworkCore.SqlServer', 'Microsoft.EntityFrameworkCore.InMemory' have been registered in the service provider. Only a single database provider can be registered in a service provider. If possible, ensure that Entity Framework is managing its service provider by removing the call to 'UseInternalServiceProvider'. Otherwise, consider conditionally registering the database provider, or maintaining one service provider per database provider.
  Stack Trace:
     at Microsoft.EntityFrameworkCore.Internal.DbContextServices.Initialize(IServiceProvider scopedProvider, DbContextOptions contextOptions, DbContext context)
   at Microsoft.EntityFrameworkCore.DbContext.get_ContextServices()
   at Microsoft.EntityFrameworkCore.DbContext.get_InternalServiceProvider()
   at Microsoft.EntityFrameworkCore.DbContext.Microsoft.EntityFrameworkCore.Infrastructure.IInfrastructure<System.IServiceProvider>.get_Instance()
   at Microsoft.EntityFrameworkCore.Infrastructure.DatabaseFacade.Microsoft.EntityFrameworkCore.Infrastructure.IInfrastructure<System.IServiceProvider>.get_Instance()
   at Microsoft.EntityFrameworkCore.RelationalDatabaseFacadeExtensions.GetRelationalService[TService](IInfrastructure`1 databaseFacade)
   at Microsoft.EntityFrameworkCore.RelationalDatabaseFacadeExtensions.Migrate(DatabaseFacade databaseFacade)
   at Program.<Main>$(String[] args) in C:\TVZ\Druga_apsolventska\ASP_Net\Projekt\DnD_Character_Sheet_Creator\DnD_Character_Sheet_Creator.Web\Program.cs:line 57
   at Program.<Main>(String[] args)
   at InvokeStub_Program.<Main>(Object, Span`1)
   at System.Reflection.MethodBaseInvoker.InvokeWithOneArg(Object obj, BindingFlags invokeAttr, Binder binder, Object[] parameters, CultureInfo culture)
--- End of stack trace from previous location ---
   at Microsoft.AspNetCore.Mvc.Testing.DeferredHostBuilder.DeferredHost.StartAsync(CancellationToken cancellationToken)
   at Microsoft.Extensions.Hosting.HostingAbstractionsHostExtensions.Start(IHost host)
   at Microsoft.AspNetCore.Mvc.Testing.WebApplicationFactory`1.CreateHost(IHostBuilder builder)
   at Microsoft.AspNetCore.Mvc.Testing.WebApplicationFactory`1.ConfigureHostBuilder(IHostBuilder hostBuilder)
   at Microsoft.AspNetCore.Mvc.Testing.WebApplicationFactory`1.EnsureServer()
   at Microsoft.AspNetCore.Mvc.Testing.WebApplicationFactory`1.CreateDefaultClient(DelegatingHandler[] handlers)
   at Microsoft.AspNetCore.Mvc.Testing.WebApplicationFactory`1.CreateDefaultClient(Uri baseAddress, DelegatingHandler[] handlers)
   at Microsoft.AspNetCore.Mvc.Testing.WebApplicationFactory`1.CreateClient(WebApplicationFactoryClientOptions options)
   at Microsoft.AspNetCore.Mvc.Testing.WebApplicationFactory`1.CreateClient()
   at DnD_Character_Sheet_Creator.Tests.CharacterLevelsApiControllerTests..ctor(DnDTestApplicationFactory factory) in C:\TVZ\Druga_apsolventska\ASP_Net\Projekt\DnD_Character_Sheet_Creator\DnD_Character_Sheet_Creator.Tests\CharacterLevelsApiControllerTests.cs:line 18
   at System.RuntimeMethodHandle.InvokeMethod(Object target, Void** arguments, Signature sig, Boolean isConstructor)
   at System.Reflection.MethodBaseInvoker.InvokeDirectByRefWithFewArgs(Object obj, Span`1 copyOfArgs, BindingFlags invokeAttr)
  Failed DnD_Character_Sheet_Creator.Tests.EquipmentApiControllerTests.Update_WithValidData_ShouldReturnOk [1 ms]
  Error Message:
   System.InvalidOperationException : Services for database providers 'Microsoft.EntityFrameworkCore.SqlServer', 'Microsoft.EntityFrameworkCore.InMemory' have been registered in the service provider. Only a single database provider can be registered in a service provider. If possible, ensure that Entity Framework is managing its service provider by removing the call to 'UseInternalServiceProvider'. Otherwise, consider conditionally registering the database provider, or maintaining one service provider per database provider.
  Stack Trace:
     at Microsoft.EntityFrameworkCore.Internal.DbContextServices.Initialize(IServiceProvider scopedProvider, DbContextOptions contextOptions, DbContext context)
   at Microsoft.EntityFrameworkCore.DbContext.get_ContextServices()
   at Microsoft.EntityFrameworkCore.DbContext.get_InternalServiceProvider()
   at Microsoft.EntityFrameworkCore.DbContext.Microsoft.EntityFrameworkCore.Infrastructure.IInfrastructure<System.IServiceProvider>.get_Instance()
   at Microsoft.EntityFrameworkCore.Infrastructure.DatabaseFacade.Microsoft.EntityFrameworkCore.Infrastructure.IInfrastructure<System.IServiceProvider>.get_Instance()
   at Microsoft.EntityFrameworkCore.RelationalDatabaseFacadeExtensions.GetRelationalService[TService](IInfrastructure`1 databaseFacade)
   at Microsoft.EntityFrameworkCore.RelationalDatabaseFacadeExtensions.Migrate(DatabaseFacade databaseFacade)
   at Program.<Main>$(String[] args) in C:\TVZ\Druga_apsolventska\ASP_Net\Projekt\DnD_Character_Sheet_Creator\DnD_Character_Sheet_Creator.Web\Program.cs:line 57
   at Program.<Main>(String[] args)
   at InvokeStub_Program.<Main>(Object, Object, IntPtr*)
   at System.Reflection.MethodBaseInvoker.InvokeDirectByRefWithFewArgs(Object obj, Span`1 copyOfArgs, BindingFlags invokeAttr)
--- End of stack trace from previous location ---
   at Microsoft.AspNetCore.Mvc.Testing.DeferredHostBuilder.DeferredHost.StartAsync(CancellationToken cancellationToken)
   at Microsoft.Extensions.Hosting.HostingAbstractionsHostExtensions.Start(IHost host)
   at Microsoft.AspNetCore.Mvc.Testing.WebApplicationFactory`1.CreateHost(IHostBuilder builder)
   at Microsoft.AspNetCore.Mvc.Testing.WebApplicationFactory`1.ConfigureHostBuilder(IHostBuilder hostBuilder)
   at Microsoft.AspNetCore.Mvc.Testing.WebApplicationFactory`1.EnsureServer()
   at Microsoft.AspNetCore.Mvc.Testing.WebApplicationFactory`1.CreateDefaultClient(DelegatingHandler[] handlers)
   at Microsoft.AspNetCore.Mvc.Testing.WebApplicationFactory`1.CreateDefaultClient(Uri baseAddress, DelegatingHandler[] handlers)
   at Microsoft.AspNetCore.Mvc.Testing.WebApplicationFactory`1.CreateClient(WebApplicationFactoryClientOptions options)
   at Microsoft.AspNetCore.Mvc.Testing.WebApplicationFactory`1.CreateClient()
   at DnD_Character_Sheet_Creator.Tests.EquipmentApiControllerTests..ctor(DnDTestApplicationFactory factory) in C:\TVZ\Druga_apsolventska\ASP_Net\Projekt\DnD_Character_Sheet_Creator\DnD_Character_Sheet_Creator.Tests\EquipmentApiControllerTests.cs:line 19
   at System.RuntimeMethodHandle.InvokeMethod(Object target, Void** arguments, Signature sig, Boolean isConstructor)
   at System.Reflection.MethodBaseInvoker.InvokeDirectByRefWithFewArgs(Object obj, Span`1 copyOfArgs, BindingFlags invokeAttr)
  Failed DnD_Character_Sheet_Creator.Tests.PlayersApiControllerTests.Search_ShouldReturnFilteredPlayers [1 ms]
  Error Message:
   System.InvalidOperationException : Services for database providers 'Microsoft.EntityFrameworkCore.SqlServer', 'Microsoft.EntityFrameworkCore.InMemory' have been registered in the service provider. Only a single database provider can be registered in a service provider. If possible, ensure that Entity Framework is managing its service provider by removing the call to 'UseInternalServiceProvider'. Otherwise, consider conditionally registering the database provider, or maintaining one service provider per database provider.
  Stack Trace:
     at Microsoft.EntityFrameworkCore.Internal.DbContextServices.Initialize(IServiceProvider scopedProvider, DbContextOptions contextOptions, DbContext context)
   at Microsoft.EntityFrameworkCore.DbContext.get_ContextServices()
   at Microsoft.EntityFrameworkCore.DbContext.get_InternalServiceProvider()
   at Microsoft.EntityFrameworkCore.DbContext.Microsoft.EntityFrameworkCore.Infrastructure.IInfrastructure<System.IServiceProvider>.get_Instance()
   at Microsoft.EntityFrameworkCore.Infrastructure.DatabaseFacade.Microsoft.EntityFrameworkCore.Infrastructure.IInfrastructure<System.IServiceProvider>.get_Instance()
   at Microsoft.EntityFrameworkCore.RelationalDatabaseFacadeExtensions.GetRelationalService[TService](IInfrastructure`1 databaseFacade)
   at Microsoft.EntityFrameworkCore.RelationalDatabaseFacadeExtensions.Migrate(DatabaseFacade databaseFacade)
   at Program.<Main>$(String[] args) in C:\TVZ\Druga_apsolventska\ASP_Net\Projekt\DnD_Character_Sheet_Creator\DnD_Character_Sheet_Creator.Web\Program.cs:line 57
   at Program.<Main>(String[] args)
   at InvokeStub_Program.<Main>(Object, Object, IntPtr*)
   at System.Reflection.MethodBaseInvoker.InvokeDirectByRefWithFewArgs(Object obj, Span`1 copyOfArgs, BindingFlags invokeAttr)
--- End of stack trace from previous location ---
   at Microsoft.AspNetCore.Mvc.Testing.DeferredHostBuilder.DeferredHost.StartAsync(CancellationToken cancellationToken)
   at Microsoft.Extensions.Hosting.HostingAbstractionsHostExtensions.Start(IHost host)
   at Microsoft.AspNetCore.Mvc.Testing.WebApplicationFactory`1.CreateHost(IHostBuilder builder)
   at Microsoft.AspNetCore.Mvc.Testing.WebApplicationFactory`1.ConfigureHostBuilder(IHostBuilder hostBuilder)
   at Microsoft.AspNetCore.Mvc.Testing.WebApplicationFactory`1.EnsureServer()
   at Microsoft.AspNetCore.Mvc.Testing.WebApplicationFactory`1.CreateDefaultClient(DelegatingHandler[] handlers)
   at Microsoft.AspNetCore.Mvc.Testing.WebApplicationFactory`1.CreateDefaultClient(Uri baseAddress, DelegatingHandler[] handlers)
   at Microsoft.AspNetCore.Mvc.Testing.WebApplicationFactory`1.CreateClient(WebApplicationFactoryClientOptions options)
   at Microsoft.AspNetCore.Mvc.Testing.WebApplicationFactory`1.CreateClient()
   at DnD_Character_Sheet_Creator.Tests.PlayersApiControllerTests..ctor(DnDTestApplicationFactory factory) in C:\TVZ\Druga_apsolventska\ASP_Net\Projekt\DnD_Character_Sheet_Creator\DnD_Character_Sheet_Creator.Tests\PlayersApiControllerTests.cs:line 19
   at System.RuntimeMethodHandle.InvokeMethod(Object target, Void** arguments, Signature sig, Boolean isConstructor)
   at System.Reflection.MethodBaseInvoker.InvokeDirectByRefWithFewArgs(Object obj, Span`1 copyOfArgs, BindingFlags invokeAttr)
  Failed DnD_Character_Sheet_Creator.Tests.CharactersApiControllerTests.Delete_WithValidId_ShouldReturnNoContent [1 ms]
  Error Message:
   System.InvalidOperationException : Services for database providers 'Microsoft.EntityFrameworkCore.SqlServer', 'Microsoft.EntityFrameworkCore.InMemory' have been registered in the service provider. Only a single database provider can be registered in a service provider. If possible, ensure that Entity Framework is managing its service provider by removing the call to 'UseInternalServiceProvider'. Otherwise, consider conditionally registering the database provider, or maintaining one service provider per database provider.
  Stack Trace:
     at Microsoft.EntityFrameworkCore.Internal.DbContextServices.Initialize(IServiceProvider scopedProvider, DbContextOptions contextOptions, DbContext context)
   at Microsoft.EntityFrameworkCore.DbContext.get_ContextServices()
   at Microsoft.EntityFrameworkCore.DbContext.get_InternalServiceProvider()
   at Microsoft.EntityFrameworkCore.DbContext.Microsoft.EntityFrameworkCore.Infrastructure.IInfrastructure<System.IServiceProvider>.get_Instance()
   at Microsoft.EntityFrameworkCore.Infrastructure.DatabaseFacade.Microsoft.EntityFrameworkCore.Infrastructure.IInfrastructure<System.IServiceProvider>.get_Instance()
   at Microsoft.EntityFrameworkCore.RelationalDatabaseFacadeExtensions.GetRelationalService[TService](IInfrastructure`1 databaseFacade)
   at Microsoft.EntityFrameworkCore.RelationalDatabaseFacadeExtensions.Migrate(DatabaseFacade databaseFacade)
   at Program.<Main>$(String[] args) in C:\TVZ\Druga_apsolventska\ASP_Net\Projekt\DnD_Character_Sheet_Creator\DnD_Character_Sheet_Creator.Web\Program.cs:line 57
   at Program.<Main>(String[] args)
   at System.RuntimeMethodHandle.InvokeMethod(Object target, Void** arguments, Signature sig, Boolean isConstructor)
   at System.Reflection.MethodBaseInvoker.InvokeDirectByRefWithFewArgs(Object obj, Span`1 copyOfArgs, BindingFlags invokeAttr)
--- End of stack trace from previous location ---
   at Microsoft.AspNetCore.Mvc.Testing.DeferredHostBuilder.DeferredHost.StartAsync(CancellationToken cancellationToken)
   at Microsoft.Extensions.Hosting.HostingAbstractionsHostExtensions.Start(IHost host)
   at Microsoft.AspNetCore.Mvc.Testing.WebApplicationFactory`1.CreateHost(IHostBuilder builder)
   at Microsoft.AspNetCore.Mvc.Testing.WebApplicationFactory`1.ConfigureHostBuilder(IHostBuilder hostBuilder)
   at Microsoft.AspNetCore.Mvc.Testing.WebApplicationFactory`1.EnsureServer()
   at Microsoft.AspNetCore.Mvc.Testing.WebApplicationFactory`1.CreateDefaultClient(DelegatingHandler[] handlers)
   at Microsoft.AspNetCore.Mvc.Testing.WebApplicationFactory`1.CreateDefaultClient(Uri baseAddress, DelegatingHandler[] handlers)
   at Microsoft.AspNetCore.Mvc.Testing.WebApplicationFactory`1.CreateClient(WebApplicationFactoryClientOptions options)
   at Microsoft.AspNetCore.Mvc.Testing.WebApplicationFactory`1.CreateClient()
   at DnD_Character_Sheet_Creator.Tests.CharactersApiControllerTests..ctor(DnDTestApplicationFactory factory) in C:\TVZ\Druga_apsolventska\ASP_Net\Projekt\DnD_Character_Sheet_Creator\DnD_Character_Sheet_Creator.Tests\CharactersApiControllerTests.cs:line 19
   at System.RuntimeMethodHandle.InvokeMethod(Object target, Void** arguments, Signature sig, Boolean isConstructor)
   at System.Reflection.MethodBaseInvoker.InvokeDirectByRefWithFewArgs(Object obj, Span`1 copyOfArgs, BindingFlags invokeAttr)
  Failed DnD_Character_Sheet_Creator.Tests.CharactersApiControllerTests.GetById_WithInvalidId_ShouldReturnNotFound [1 ms]
  Error Message:
   System.InvalidOperationException : Services for database providers 'Microsoft.EntityFrameworkCore.SqlServer', 'Microsoft.EntityFrameworkCore.InMemory' have been registered in the service provider. Only a single database provider can be registered in a service provider. If possible, ensure that Entity Framework is managing its service provider by removing the call to 'UseInternalServiceProvider'. Otherwise, consider conditionally registering the database provider, or maintaining one service provider per database provider.
  Stack Trace:
     at Microsoft.EntityFrameworkCore.Internal.DbContextServices.Initialize(IServiceProvider scopedProvider, DbContextOptions contextOptions, DbContext context)
   at Microsoft.EntityFrameworkCore.DbContext.get_ContextServices()
   at Microsoft.EntityFrameworkCore.DbContext.get_InternalServiceProvider()
   at Microsoft.EntityFrameworkCore.DbContext.Microsoft.EntityFrameworkCore.Infrastructure.IInfrastructure<System.IServiceProvider>.get_Instance()
   at Microsoft.EntityFrameworkCore.Infrastructure.DatabaseFacade.Microsoft.EntityFrameworkCore.Infrastructure.IInfrastructure<System.IServiceProvider>.get_Instance()
   at Microsoft.EntityFrameworkCore.RelationalDatabaseFacadeExtensions.GetRelationalService[TService](IInfrastructure`1 databaseFacade)
   at Microsoft.EntityFrameworkCore.RelationalDatabaseFacadeExtensions.Migrate(DatabaseFacade databaseFacade)
   at Program.<Main>$(String[] args) in C:\TVZ\Druga_apsolventska\ASP_Net\Projekt\DnD_Character_Sheet_Creator\DnD_Character_Sheet_Creator.Web\Program.cs:line 57
   at Program.<Main>(String[] args)
   at InvokeStub_Program.<Main>(Object, Span`1)
   at System.Reflection.MethodBaseInvoker.InvokeWithOneArg(Object obj, BindingFlags invokeAttr, Binder binder, Object[] parameters, CultureInfo culture)
--- End of stack trace from previous location ---
   at Microsoft.AspNetCore.Mvc.Testing.DeferredHostBuilder.DeferredHost.StartAsync(CancellationToken cancellationToken)
   at Microsoft.Extensions.Hosting.HostingAbstractionsHostExtensions.Start(IHost host)
   at Microsoft.AspNetCore.Mvc.Testing.WebApplicationFactory`1.CreateHost(IHostBuilder builder)
[xUnit.net 00:00:00.42]     DnD_Character_Sheet_Creator.Tests.CharacterLevelsAp
iControllerTests.Update_WithInvalidId_ShouldReturnNotFound [FAIL]
   at Microsoft.AspNetCore.Mvc.Testing.WebApplicationFactory`1.ConfigureHostBuilder(IHostBuilder hostBuilder)
   at Microsoft.AspNetCore.Mvc.Testing.WebApplicationFactory`1.EnsureServer()
   at Microsoft.AspNetCore.Mvc.Testing.WebApplicationFactory`1.CreateDefaultClient(DelegatingHandler[] handlers)
   at Microsoft.AspNetCore.Mvc.Testing.WebApplicationFactory`1.CreateDefaultClient(Uri baseAddress, DelegatingHandler[] handlers)
   at Microsoft.AspNetCore.Mvc.Testing.WebApplicationFactory`1.CreateClient(WebApplicationFactoryClientOptions options)
   at Microsoft.AspNetCore.Mvc.Testing.WebApplicationFactory`1.CreateClient()
   at DnD_Character_Sheet_Creator.Tests.CharactersApiControllerTests..ctor(DnDTestApplicationFactory factory) in C:\TVZ\Druga_apsolventska\ASP_Net\Projekt\DnD_Character_Sheet_Creator\DnD_Character_Sheet_Creator.Tests\CharactersApiControllerTests.cs:line 19
   at InvokeStub_CharactersApiControllerTests..ctor(Object, Span`1)
   at System.Reflection.MethodBaseInvoker.InvokeWithOneArg(Object obj, BindingFlags invokeAttr, Binder binder, Object[] parameters, CultureInfo culture)
  Failed DnD_Character_Sheet_Creator.Tests.EquipmentApiControllerTests.GetById_WithInvalidId_ShouldReturnNotFound [1 ms]
  Error Message:
   System.InvalidOperationException : Services for database providers 'Microsoft.EntityFrameworkCore.SqlServer', 'Microsoft.EntityFrameworkCore.InMemory' have been registered in the service provider. Only a single database provider can be registered in a service provider. If possible, ensure that Entity Framework is managing its service provider by removing the call to 'UseInternalServiceProvider'. Otherwise, consider conditionally registering the database provider, or maintaining one service provider per database provider.
  Stack Trace:
     at Microsoft.EntityFrameworkCore.Internal.DbContextServices.Initialize(IServiceProvider scopedProvider, DbContextOptions contextOptions, DbContext context)
   at Microsoft.EntityFrameworkCore.DbContext.get_ContextServices()
   at Microsoft.EntityFrameworkCore.DbContext.get_InternalServiceProvider()
   at Microsoft.EntityFrameworkCore.DbContext.Microsoft.EntityFrameworkCore.Infrastructure.IInfrastructure<System.IServiceProvider>.get_Instance()
   at Microsoft.EntityFrameworkCore.Infrastructure.DatabaseFacade.Microsoft.EntityFrameworkCore.Infrastructure.IInfrastructure<System.IServiceProvider>.get_Instance()
   at Microsoft.EntityFrameworkCore.RelationalDatabaseFacadeExtensions.GetRelationalService[TService](IInfrastructure`1 databaseFacade)
   at Microsoft.EntityFrameworkCore.RelationalDatabaseFacadeExtensions.Migrate(DatabaseFacade databaseFacade)
   at Program.<Main>$(String[] args) in C:\TVZ\Druga_apsolventska\ASP_Net\Projekt\DnD_Character_Sheet_Creator\DnD_Character_Sheet_Creator.Web\Program.cs:line 57
   at Program.<Main>(String[] args)
   at InvokeStub_Program.<Main>(Object, Span`1)
   at System.Reflection.MethodBaseInvoker.InvokeWithOneArg(Object obj, BindingFlags invokeAttr, Binder binder, Object[] parameters, CultureInfo culture)
--- End of stack trace from previous location ---
   at Microsoft.AspNetCore.Mvc.Testing.DeferredHostBuilder.DeferredHost.StartAsync(CancellationToken cancellationToken)
   at Microsoft.Extensions.Hosting.HostingAbstractionsHostExtensions.Start(IHost host)
   at Microsoft.AspNetCore.Mvc.Testing.WebApplicationFactory`1.CreateHost(IHostBuilder builder)
   at Microsoft.AspNetCore.Mvc.Testing.WebApplicationFactory`1.ConfigureHostBuilder(IHostBuilder hostBuilder)
   at Microsoft.AspNetCore.Mvc.Testing.WebApplicationFactory`1.EnsureServer()
   at Microsoft.AspNetCore.Mvc.Testing.WebApplicationFactory`1.CreateDefaultClient(DelegatingHandler[] handlers)
   at Microsoft.AspNetCore.Mvc.Testing.WebApplicationFactory`1.CreateDefaultClient(Uri baseAddress, DelegatingHandler[] handlers)
   at Microsoft.AspNetCore.Mvc.Testing.WebApplicationFactory`1.CreateClient(WebApplicationFactoryClientOptions options)
   at Microsoft.AspNetCore.Mvc.Testing.WebApplicationFactory`1.CreateClient()
   at DnD_Character_Sheet_Creator.Tests.EquipmentApiControllerTests..ctor(DnDTestApplicationFactory factory) in C:\TVZ\Druga_apsolventska\ASP_Net\Projekt\DnD_Character_Sheet_Creator\DnD_Character_Sheet_Creator.Tests\EquipmentApiControllerTests.cs:line 19
   at InvokeStub_EquipmentApiControllerTests..ctor(Object, Span`1)
   at System.Reflection.MethodBaseInvoker.InvokeWithOneArg(Object obj, BindingFlags invokeAttr, Binder binder, Object[] parameters, CultureInfo culture)
  Failed DnD_Character_Sheet_Creator.Tests.CharacterLevelsApiControllerTests.Update_WithInvalidId_ShouldReturnNotFound [1 ms]
  Error Message:
   System.InvalidOperationException : Services for database providers 'Microsoft.EntityFrameworkCore.SqlServer', 'Microsoft.EntityFrameworkCore.InMemory' have been registered in the service provider. Only a single database provider can be registered in a service provider. If possible, ensure that Entity Framework is managing its service provider by removing the call to 'UseInternalServiceProvider'. Otherwise, consider conditionally registering the database provider, or maintaining one service provider per database provider.
  Stack Trace:
     at Microsoft.EntityFrameworkCore.Internal.DbContextServices.Initialize(IServiceProvider scopedProvider, DbContextOptions contextOptions, DbContext context)
   at Microsoft.EntityFrameworkCore.DbContext.get_ContextServices()
   at Microsoft.EntityFrameworkCore.DbContext.get_InternalServiceProvider()
   at Microsoft.EntityFrameworkCore.DbContext.Microsoft.EntityFrameworkCore.Infrastructure.IInfrastructure<System.IServiceProvider>.get_Instance()
   at Microsoft.EntityFrameworkCore.Infrastructure.DatabaseFacade.Microsoft.EntityFrameworkCore.Infrastructure.IInfrastructure<System.IServiceProvider>.get_Instance()
   at Microsoft.EntityFrameworkCore.RelationalDatabaseFacadeExtensions.GetRelationalService[TService](IInfrastructure`1 databaseFacade)
   at Microsoft.EntityFrameworkCore.RelationalDatabaseFacadeExtensions.Migrate(DatabaseFacade databaseFacade)
   at Program.<Main>$(String[] args) in C:\TVZ\Druga_apsolventska\ASP_Net\Projekt\DnD_Character_Sheet_Creator\DnD_Character_Sheet_Creator.Web\Program.cs:line 57
   at Program.<Main>(String[] args)
   at InvokeStub_Program.<Main>(Object, Span`1)
   at System.Reflection.MethodBaseInvoker.InvokeWithOneArg(Object obj, BindingFlags invokeAttr, Binder binder, Object[] parameters, CultureInfo culture)
--- End of stack trace from previous location ---
   at Microsoft.AspNetCore.Mvc.Testing.DeferredHostBuilder.DeferredHost.StartAsync(CancellationToken cancellationToken)
   at Microsoft.Extensions.Hosting.HostingAbstractionsHostExtensions.Start(IHost host)
   at Microsoft.AspNetCore.Mvc.Testing.WebApplicationFactory`1.CreateHost(IHostBuilder builder)
   at Microsoft.AspNetCore.Mvc.Testing.WebApplicationFactory`1.ConfigureHostBuilder(IHostBuilder hostBuilder)
   at Microsoft.AspNetCore.Mvc.Testing.WebApplicationFactory`1.EnsureServer()
   at Microsoft.AspNetCore.Mvc.Testing.WebApplicationFactory`1.CreateDefaultClient(DelegatingHandler[] handlers)
   at Microsoft.AspNetCore.Mvc.Testing.WebApplicationFactory`1.CreateDefaultClient(Uri baseAddress, DelegatingHandler[] handlers)
   at Microsoft.AspNetCore.Mvc.Testing.WebApplicationFactory`1.CreateClient(WebApplicationFactoryClientOptions options)
   at Microsoft.AspNetCore.Mvc.Testing.WebApplicationFactory`1.CreateClient()
   at DnD_Character_Sheet_Creator.Tests.CharacterLevelsApiControllerTests..ctor(DnDTestApplicationFactory factory) in C:\TVZ\Druga_apsolventska\ASP_Net\Projekt\DnD_Character_Sheet_Creator\DnD_Character_Sheet_Creator.Tests\CharacterLevelsApiControllerTests.cs:line 18
   at InvokeStub_CharacterLevelsApiControllerTests..ctor(Object, Span`1)
   at System.Reflection.MethodBaseInvoker.InvokeWithOneArg(Object obj, BindingFlags invokeAttr, Binder binder, Object[] parameters, CultureInfo culture)
  Failed DnD_Character_Sheet_Creator.Tests.PlayersApiControllerTests.Delete_WithValidId_ShouldReturnNoContent [1 ms]
  Error Message:
   System.InvalidOperationException : Services for database providers 'Microsoft.EntityFrameworkCore.SqlServer', 'Microsoft.EntityFrameworkCore.InMemory' have been registered in the service provider. Only a single database provider can be registered in a service provider. If possible, ensure that Entity Framework is managing its service provider by removing the call to 'UseInternalServiceProvider'. Otherwise, consider conditionally registering the database provider, or maintaining one service provider per database provider.
  Stack Trace:
     at Microsoft.EntityFrameworkCore.Internal.DbContextServices.Initialize(IServiceProvider scopedProvider, DbContextOptions contextOptions, DbContext context)
   at Microsoft.EntityFrameworkCore.DbContext.get_ContextServices()
   at Microsoft.EntityFrameworkCore.DbContext.get_InternalServiceProvider()
   at Microsoft.EntityFrameworkCore.DbContext.Microsoft.EntityFrameworkCore.Infrastructure.IInfrastructure<System.IServiceProvider>.get_Instance()
   at Microsoft.EntityFrameworkCore.Infrastructure.DatabaseFacade.Microsoft.EntityFrameworkCore.Infrastructure.IInfrastructure<System.IServiceProvider>.get_Instance()
   at Microsoft.EntityFrameworkCore.RelationalDatabaseFacadeExtensions.GetRelationalService[TService](IInfrastructure`1 databaseFacade)
   at Microsoft.EntityFrameworkCore.RelationalDatabaseFacadeExtensions.Migrate(DatabaseFacade databaseFacade)
   at Program.<Main>$(String[] args) in C:\TVZ\Druga_apsolventska\ASP_Net\Projekt\DnD_Character_Sheet_Creator\DnD_Character_Sheet_Creator.Web\Program.cs:line 57
   at Program.<Main>(String[] args)
   at InvokeStub_Program.<Main>(Object, Span`1)
   at System.Reflection.MethodBaseInvoker.InvokeWithOneArg(Object obj, BindingFlags invokeAttr, Binder binder, Object[] parameters, CultureInfo culture)
--- End of stack trace from previous location ---
   at Microsoft.AspNetCore.Mvc.Testing.DeferredHostBuilder.DeferredHost.StartAsync(CancellationToken cancellationToken)
   at Microsoft.Extensions.Hosting.HostingAbstractionsHostExtensions.Start(IHost host)
   at Microsoft.AspNetCore.Mvc.Testing.WebApplicationFactory`1.CreateHost(IHostBuilder builder)
   at Microsoft.AspNetCore.Mvc.Testing.WebApplicationFactory`1.ConfigureHostBuilder(IHostBuilder hostBuilder)
   at Microsoft.AspNetCore.Mvc.Testing.WebApplicationFactory`1.EnsureServer()
   at Microsoft.AspNetCore.Mvc.Testing.WebApplicationFactory`1.CreateDefaultClient(DelegatingHandler[] handlers)
   at Microsoft.AspNetCore.Mvc.Testing.WebApplicationFactory`1.CreateDefaultClient(Uri baseAddress, DelegatingHandler[] handlers)
   at Microsoft.AspNetCore.Mvc.Testing.WebApplicationFactory`1.CreateClient(WebApplicationFactoryClientOptions options)
   at Microsoft.AspNetCore.Mvc.Testing.WebApplicationFactory`1.CreateClient()
   at DnD_Character_Sheet_Creator.Tests.PlayersApiControllerTests..ctor(DnDTestApplicationFactory factory) in C:\TVZ\Druga_apsolventska\ASP_Net\Projekt\DnD_Character_Sheet_Creator\DnD_Character_Sheet_Creator.Tests\PlayersApiControllerTests.cs:line 19
   at InvokeStub_PlayersApiControllerTests..ctor(Object, Span`1)
   at System.Reflection.MethodBaseInvoker.InvokeWithOneArg(Object obj, BindingFlags invokeAttr, Binder binder, Object[] parameters, CultureInfo culture)
  Failed DnD_Character_Sheet_Creator.Tests.EquipmentApiControllerTests.GetById_WithValidId_ShouldReturnOk [1 ms]
  Error Message:
   System.InvalidOperationException : Services for database providers 'Microsoft.EntityFrameworkCore.SqlServer', 'Microsoft.EntityFrameworkCore.InMemory' have been registered in the service provider. Only a single database provider can be registered in a service provider. If possible, ensure that Entity Framework is managing its service provider by removing the call to 'UseInternalServiceProvider'. Otherwise, consider conditionally registering the database provider, or maintaining one service provider per database provider.
  Stack Trace:
     at Microsoft.EntityFrameworkCore.Internal.DbContextServices.Initialize(IServiceProvider scopedProvider, DbContextOptions contextOptions, DbContext context)
   at Microsoft.EntityFrameworkCore.DbContext.get_ContextServices()
   at Microsoft.EntityFrameworkCore.DbContext.get_InternalServiceProvider()
   at Microsoft.EntityFrameworkCore.DbContext.Microsoft.EntityFrameworkCore.Infrastructure.IInfrastructure<System.IServiceProvider>.get_Instance()
   at Microsoft.EntityFrameworkCore.Infrastructure.DatabaseFacade.Microsoft.EntityFrameworkCore.Infrastructure.IInfrastructure<System.IServiceProvider>.get_Instance()
   at Microsoft.EntityFrameworkCore.RelationalDatabaseFacadeExtensions.GetRelationalService[TService](IInfrastructure`1 databaseFacade)
   at Microsoft.EntityFrameworkCore.RelationalDatabaseFacadeExtensions.Migrate(DatabaseFacade databaseFacade)
   at Program.<Main>$(String[] args) in C:\TVZ\Druga_apsolventska\ASP_Net\Projekt\DnD_Character_Sheet_Creator\DnD_Character_Sheet_Creator.Web\Program.cs:line 57
   at Program.<Main>(String[] args)
   at InvokeStub_Program.<Main>(Object, Span`1)
   at System.Reflection.MethodBaseInvoker.InvokeWithOneArg(Object obj, BindingFlags invokeAttr, Binder binder, Object[] parameters, CultureInfo culture)
--- End of stack trace from previous location ---
   at Microsoft.AspNetCore.Mvc.Testing.DeferredHostBuilder.DeferredHost.StartAsync(CancellationToken cancellationToken)
   at Microsoft.Extensions.Hosting.HostingAbstractionsHostExtensions.Start(IHost host)
   at Microsoft.AspNetCore.Mvc.Testing.WebApplicationFactory`1.CreateHost(IHostBuilder builder)
   at Microsoft.AspNetCore.Mvc.Testing.WebApplicationFactory`1.ConfigureHostBuilder(IHostBuilder hostBuilder)
   at Microsoft.AspNetCore.Mvc.Testing.WebApplicationFactory`1.EnsureServer()
   at Microsoft.AspNetCore.Mvc.Testing.WebApplicationFactory`1.CreateDefaultClient(DelegatingHandler[] handlers)
   at Microsoft.AspNetCore.Mvc.Testing.WebApplicationFactory`1.CreateDefaultClient(Uri baseAddress, DelegatingHandler[] handlers)
   at Microsoft.AspNetCore.Mvc.Testing.WebApplicationFactory`1.CreateClient(WebApplicationFactoryClientOptions options)
   at Microsoft.AspNetCore.Mvc.Testing.WebApplicationFactory`1.CreateClient()
   at DnD_Character_Sheet_Creator.Tests.EquipmentApiControllerTests..ctor(DnDTestApplicationFactory factory) in C:\TVZ\Druga_apsolventska\ASP_Net\Projekt\DnD_Character_Sheet_Creator\DnD_Character_Sheet_Creator.Tests\EquipmentApiControllerTests.cs:line 19
   at InvokeStub_EquipmentApiControllerTests..ctor(Object, Span`1)
   at System.Reflection.MethodBaseInvoker.InvokeWithOneArg(Object obj, BindingFlags invokeAttr, Binder binder, Object[] parameters, CultureInfo culture)
  Failed DnD_Character_Sheet_Creator.Tests.CharacterLevelsApiControllerTests.GetById_WithInvalidId_ShouldReturnNotFound [1 ms]
  Error Message:
   System.InvalidOperationException : Services for database providers 'Microsoft.EntityFrameworkCore.SqlServer', 'Microsoft.EntityFrameworkCore.InMemory' have been registered in the service provider. Only a single database provider can be registered in a service provider. If possible, ensure that Entity Framework is managing its service provider by removing the call to 'UseInternalServiceProvider'. Otherwise, consider conditionally registering the database provider, or maintaining one service provider per database provider.
  Stack Trace:
     at Microsoft.EntityFrameworkCore.Internal.DbContextServices.Initialize(IServiceProvider scopedProvider, DbContextOptions contextOptions, DbContext context)
   at Microsoft.EntityFrameworkCore.DbContext.get_ContextServices()
   at Microsoft.EntityFrameworkCore.DbContext.get_InternalServiceProvider()
   at Microsoft.EntityFrameworkCore.DbContext.Microsoft.EntityFrameworkCore.Infrastructure.IInfrastructure<System.IServiceProvider>.get_Instance()
   at Microsoft.EntityFrameworkCore.Infrastructure.DatabaseFacade.Microsoft.EntityFrameworkCore.Infrastructure.IInfrastructure<System.IServiceProvider>.get_Instance()
   at Microsoft.EntityFrameworkCore.RelationalDatabaseFacadeExtensions.GetRelationalService[TService](IInfrastructure`1 databaseFacade)
   at Microsoft.EntityFrameworkCore.RelationalDatabaseFacadeExtensions.Migrate(DatabaseFacade databaseFacade)
   at Program.<Main>$(String[] args) in C:\TVZ\Druga_apsolventska\ASP_Net\Projekt\DnD_Character_Sheet_Creator\DnD_Character_Sheet_Creator.Web\Program.cs:line 57
   at Program.<Main>(String[] args)
   at InvokeStub_Program.<Main>(Object, Span`1)
   at System.Reflection.MethodBaseInvoker.InvokeWithOneArg(Object obj, BindingFlags invokeAttr, Binder binder, Object[] parameters, CultureInfo culture)
--- End of stack trace from previous location ---
   at Microsoft.AspNetCore.Mvc.Testing.DeferredHostBuilder.DeferredHost.StartAsync(CancellationToken cancellationToken)
   at Microsoft.Extensions.Hosting.HostingAbstractionsHostExtensions.Start(IHost host)
   at Microsoft.AspNetCore.Mvc.Testing.WebApplicationFactory`1.CreateHost(IHostBuilder builder)
   at Microsoft.AspNetCore.Mvc.Testing.WebApplicationFactory`1.ConfigureHostBuilder(IHostBuilder hostBuilder)
   at Microsoft.AspNetCore.Mvc.Testing.WebApplicationFactory`1.EnsureServer()
   at Microsoft.AspNetCore.Mvc.Testing.WebApplicationFactory`1.CreateDefaultClient(DelegatingHandler[] handlers)
   at Microsoft.AspNetCore.Mvc.Testing.WebApplicationFactory`1.CreateDefaultClient(Uri baseAddress, DelegatingHandler[] handlers)
   at Microsoft.AspNetCore.Mvc.Testing.WebApplicationFactory`1.CreateClient(WebApplicationFactoryClientOptions options)
   at Microsoft.AspNetCore.Mvc.Testing.WebApplicationFactory`1.CreateClient()
   at DnD_Character_Sheet_Creator.Tests.CharacterLevelsApiControllerTests..ctor(DnDTestApplicationFactory factory) in C:\TVZ\Druga_apsolventska\ASP_Net\Projekt\DnD_Character_Sheet_Creator\DnD_Character_Sheet_Creator.Tests\CharacterLevelsApiControllerTests.cs:line 18
   at InvokeStub_CharacterLevelsApiControllerTests..ctor(Object, Span`1)
   at System.Reflection.MethodBaseInvoker.InvokeWithOneArg(Object obj, BindingFlags invokeAttr, Binder binder, Object[] parameters, CultureInfo culture)
  Failed DnD_Character_Sheet_Creator.Tests.PlayersApiControllerTests.Create_WithValidData_ShouldReturnCreated [1 ms]
  Error Message:
[xUnit.net 00:00:00.42]     DnD_Character_Sheet_Creator.Tests.PlayersApiControl
lerTests.Delete_WithValidId_ShouldReturnNoContent [FAIL]
[xUnit.net 00:00:00.42]     DnD_Character_Sheet_Creator.Tests.EquipmentApiContr
ollerTests.GetById_WithValidId_ShouldReturnOk [FAIL]
[xUnit.net 00:00:00.43]     DnD_Character_Sheet_Creator.Tests.CharacterLevelsAp
iControllerTests.GetById_WithInvalidId_ShouldReturnNotFound [FAIL]
[xUnit.net 00:00:00.43]     DnD_Character_Sheet_Creator.Tests.PlayersApiControl
lerTests.Create_WithValidData_ShouldReturnCreated [FAIL]
[xUnit.net 00:00:00.43]     DnD_Character_Sheet_Creator.Tests.CharactersApiCont
rollerTests.Update_WithInvalidId_ShouldReturnNotFound [FAIL]
   System.InvalidOperationException : Services for database providers 'Microsoft.EntityFrameworkCore.SqlServer', 'Microsoft.EntityFrameworkCore.InMemory' have been registered in the service provider. Only a single database provider can be registered in a service provider. If possible, ensure that Entity Framework is managing its service provider by removing the call to 'UseInternalServiceProvider'. Otherwise, consider conditionally registering the database provider, or maintaining one service provider per database provider.
  Stack Trace:
     at Microsoft.EntityFrameworkCore.Internal.DbContextServices.Initialize(IServiceProvider scopedProvider, DbContextOptions contextOptions, DbContext context)
   at Microsoft.EntityFrameworkCore.DbContext.get_ContextServices()
   at Microsoft.EntityFrameworkCore.DbContext.get_InternalServiceProvider()
   at Microsoft.EntityFrameworkCore.DbContext.Microsoft.EntityFrameworkCore.Infrastructure.IInfrastructure<System.IServiceProvider>.get_Instance()
   at Microsoft.EntityFrameworkCore.Infrastructure.DatabaseFacade.Microsoft.EntityFrameworkCore.Infrastructure.IInfrastructure<System.IServiceProvider>.get_Instance()
   at Microsoft.EntityFrameworkCore.RelationalDatabaseFacadeExtensions.GetRelationalService[TService](IInfrastructure`1 databaseFacade)
   at Microsoft.EntityFrameworkCore.RelationalDatabaseFacadeExtensions.Migrate(DatabaseFacade databaseFacade)
   at Program.<Main>$(String[] args) in C:\TVZ\Druga_apsolventska\ASP_Net\Projekt\DnD_Character_Sheet_Creator\DnD_Character_Sheet_Creator.Web\Program.cs:line 57
   at Program.<Main>(String[] args)
   at InvokeStub_Program.<Main>(Object, Span`1)
   at System.Reflection.MethodBaseInvoker.InvokeWithOneArg(Object obj, BindingFlags invokeAttr, Binder binder, Object[] parameters, CultureInfo culture)
--- End of stack trace from previous location ---
   at Microsoft.AspNetCore.Mvc.Testing.DeferredHostBuilder.DeferredHost.StartAsync(CancellationToken cancellationToken)
   at Microsoft.Extensions.Hosting.HostingAbstractionsHostExtensions.Start(IHost host)
   at Microsoft.AspNetCore.Mvc.Testing.WebApplicationFactory`1.CreateHost(IHostBuilder builder)
   at Microsoft.AspNetCore.Mvc.Testing.WebApplicationFactory`1.ConfigureHostBuilder(IHostBuilder hostBuilder)
   at Microsoft.AspNetCore.Mvc.Testing.WebApplicationFactory`1.EnsureServer()
   at Microsoft.AspNetCore.Mvc.Testing.WebApplicationFactory`1.CreateDefaultClient(DelegatingHandler[] handlers)
   at Microsoft.AspNetCore.Mvc.Testing.WebApplicationFactory`1.CreateDefaultClient(Uri baseAddress, DelegatingHandler[] handlers)
   at Microsoft.AspNetCore.Mvc.Testing.WebApplicationFactory`1.CreateClient(WebApplicationFactoryClientOptions options)
   at Microsoft.AspNetCore.Mvc.Testing.WebApplicationFactory`1.CreateClient()
   at DnD_Character_Sheet_Creator.Tests.PlayersApiControllerTests..ctor(DnDTestApplicationFactory factory) in C:\TVZ\Druga_apsolventska\ASP_Net\Projekt\DnD_Character_Sheet_Creator\DnD_Character_Sheet_Creator.Tests\PlayersApiControllerTests.cs:line 19
   at InvokeStub_PlayersApiControllerTests..ctor(Object, Span`1)
   at System.Reflection.MethodBaseInvoker.InvokeWithOneArg(Object obj, BindingFlags invokeAttr, Binder binder, Object[] parameters, CultureInfo culture)
  Failed DnD_Character_Sheet_Creator.Tests.CharactersApiControllerTests.Update_WithInvalidId_ShouldReturnNotFound [1 ms]
  Error Message:
   System.InvalidOperationException : Services for database providers 'Microsoft.EntityFrameworkCore.SqlServer', 'Microsoft.EntityFrameworkCore.InMemory' have been registered in the service provider. Only a single database provider can be registered in a service provider. If possible, ensure that Entity Framework is managing its service provider by removing the call to 'UseInternalServiceProvider'. Otherwise, consider conditionally registering the database provider, or maintaining one service provider per database provider.
  Stack Trace:
     at Microsoft.EntityFrameworkCore.Internal.DbContextServices.Initialize(IServiceProvider scopedProvider, DbContextOptions contextOptions, DbContext context)
   at Microsoft.EntityFrameworkCore.DbContext.get_ContextServices()
   at Microsoft.EntityFrameworkCore.DbContext.get_InternalServiceProvider()
   at Microsoft.EntityFrameworkCore.DbContext.Microsoft.EntityFrameworkCore.Infrastructure.IInfrastructure<System.IServiceProvider>.get_Instance()
   at Microsoft.EntityFrameworkCore.Infrastructure.DatabaseFacade.Microsoft.EntityFrameworkCore.Infrastructure.IInfrastructure<System.IServiceProvider>.get_Instance()
   at Microsoft.EntityFrameworkCore.RelationalDatabaseFacadeExtensions.GetRelationalService[TService](IInfrastructure`1 databaseFacade)
   at Microsoft.EntityFrameworkCore.RelationalDatabaseFacadeExtensions.Migrate(DatabaseFacade databaseFacade)
   at Program.<Main>$(String[] args) in C:\TVZ\Druga_apsolventska\ASP_Net\Projekt\DnD_Character_Sheet_Creator\DnD_Character_Sheet_Creator.Web\Program.cs:line 57
   at Program.<Main>(String[] args)
   at InvokeStub_Program.<Main>(Object, Span`1)
   at System.Reflection.MethodBaseInvoker.InvokeWithOneArg(Object obj, BindingFlags invokeAttr, Binder binder, Object[] parameters, CultureInfo culture)
--- End of stack trace from previous location ---
   at Microsoft.AspNetCore.Mvc.Testing.DeferredHostBuilder.DeferredHost.StartAsync(CancellationToken cancellationToken)
   at Microsoft.Extensions.Hosting.HostingAbstractionsHostExtensions.Start(IHost host)
   at Microsoft.AspNetCore.Mvc.Testing.WebApplicationFactory`1.CreateHost(IHostBuilder builder)
   at Microsoft.AspNetCore.Mvc.Testing.WebApplicationFactory`1.ConfigureHostBuilder(IHostBuilder hostBuilder)
   at Microsoft.AspNetCore.Mvc.Testing.WebApplicationFactory`1.EnsureServer()
   at Microsoft.AspNetCore.Mvc.Testing.WebApplicationFactory`1.CreateDefaultClient(DelegatingHandler[] handlers)
   at Microsoft.AspNetCore.Mvc.Testing.WebApplicationFactory`1.CreateDefaultClient(Uri baseAddress, DelegatingHandler[] handlers)
   at Microsoft.AspNetCore.Mvc.Testing.WebApplicationFactory`1.CreateClient(WebApplicationFactoryClientOptions options)
   at Microsoft.AspNetCore.Mvc.Testing.WebApplicationFactory`1.CreateClient()
   at DnD_Character_Sheet_Creator.Tests.CharactersApiControllerTests..ctor(DnDTestApplicationFactory factory) in C:\TVZ\Druga_apsolventska\ASP_Net\Projekt\DnD_Character_Sheet_Creator\DnD_Character_Sheet_Creator.Tests\CharactersApiControllerTests.cs:line 19
   at InvokeStub_CharactersApiControllerTests..ctor(Object, Span`1)
   at System.Reflection.MethodBaseInvoker.InvokeWithOneArg(Object obj, BindingFlags invokeAttr, Binder binder, Object[] parameters, CultureInfo culture)
[xUnit.net 00:00:00.43]     DnD_Character_Sheet_Creator.Tests.EquipmentApiContr
ollerTests.Search_ShouldReturnFilteredEquipment [FAIL]
[xUnit.net 00:00:00.43]     DnD_Character_Sheet_Creator.Tests.CharactersApiCont
rollerTests.Delete_WithInvalidId_ShouldReturnNotFound [FAIL]
[xUnit.net 00:00:00.43]     DnD_Character_Sheet_Creator.Tests.PlayersApiControl
lerTests.GetAll_ShouldReturnOkWithPlayers [FAIL]
[xUnit.net 00:00:00.44]     DnD_Character_Sheet_Creator.Tests.CharacterLevelsAp
iControllerTests.GetAll_ShouldReturnOkWithLevels [FAIL]
[xUnit.net 00:00:00.44]     DnD_Character_Sheet_Creator.Tests.EquipmentApiContr
ollerTests.Delete_WithValidId_ShouldReturnNoContent [FAIL]
[xUnit.net 00:00:00.44]     DnD_Character_Sheet_Creator.Tests.CharactersApiCont
rollerTests.Create_WithValidData_ShouldReturnCreated [FAIL]
[xUnit.net 00:00:00.44]     DnD_Character_Sheet_Creator.Tests.CharacterLevelsAp
iControllerTests.GetById_WithValidId_ShouldReturnOk [FAIL]
[xUnit.net 00:00:00.44]     DnD_Character_Sheet_Creator.Tests.PlayersApiControl
lerTests.GetById_WithInvalidId_ShouldReturnNotFound [FAIL]
  Failed DnD_Character_Sheet_Creator.Tests.EquipmentApiControllerTests.Search_ShouldReturnFilteredEquipment [1 ms]
  Error Message:
   System.InvalidOperationException : Services for database providers 'Microsoft.EntityFrameworkCore.SqlServer', 'Microsoft.EntityFrameworkCore.InMemory' have been registered in the service provider. Only a single database provider can be registered in a service provider. If possible, ensure that Entity Framework is managing its service provider by removing the call to 'UseInternalServiceProvider'. Otherwise, consider conditionally registering the database provider, or maintaining one service provider per database provider.
  Stack Trace:
     at Microsoft.EntityFrameworkCore.Internal.DbContextServices.Initialize(IServiceProvider scopedProvider, DbContextOptions contextOptions, DbContext context)
   at Microsoft.EntityFrameworkCore.DbContext.get_ContextServices()
   at Microsoft.EntityFrameworkCore.DbContext.get_InternalServiceProvider()
   at Microsoft.EntityFrameworkCore.DbContext.Microsoft.EntityFrameworkCore.Infrastructure.IInfrastructure<System.IServiceProvider>.get_Instance()
   at Microsoft.EntityFrameworkCore.Infrastructure.DatabaseFacade.Microsoft.EntityFrameworkCore.Infrastructure.IInfrastructure<System.IServiceProvider>.get_Instance()
   at Microsoft.EntityFrameworkCore.RelationalDatabaseFacadeExtensions.GetRelationalService[TService](IInfrastructure`1 databaseFacade)
   at Microsoft.EntityFrameworkCore.RelationalDatabaseFacadeExtensions.Migrate(DatabaseFacade databaseFacade)
   at Program.<Main>$(String[] args) in C:\TVZ\Druga_apsolventska\ASP_Net\Projekt\DnD_Character_Sheet_Creator\DnD_Character_Sheet_Creator.Web\Program.cs:line 57
   at Program.<Main>(String[] args)
   at InvokeStub_Program.<Main>(Object, Span`1)
   at System.Reflection.MethodBaseInvoker.InvokeWithOneArg(Object obj, BindingFlags invokeAttr, Binder binder, Object[] parameters, CultureInfo culture)
--- End of stack trace from previous location ---
   at Microsoft.AspNetCore.Mvc.Testing.DeferredHostBuilder.DeferredHost.StartAsync(CancellationToken cancellationToken)
   at Microsoft.Extensions.Hosting.HostingAbstractionsHostExtensions.Start(IHost host)
   at Microsoft.AspNetCore.Mvc.Testing.WebApplicationFactory`1.CreateHost(IHostBuilder builder)
   at Microsoft.AspNetCore.Mvc.Testing.WebApplicationFactory`1.ConfigureHostBuilder(IHostBuilder hostBuilder)
   at Microsoft.AspNetCore.Mvc.Testing.WebApplicationFactory`1.EnsureServer()
   at Microsoft.AspNetCore.Mvc.Testing.WebApplicationFactory`1.CreateDefaultClient(DelegatingHandler[] handlers)
   at Microsoft.AspNetCore.Mvc.Testing.WebApplicationFactory`1.CreateDefaultClient(Uri baseAddress, DelegatingHandler[] handlers)
   at Microsoft.AspNetCore.Mvc.Testing.WebApplicationFactory`1.CreateClient(WebApplicationFactoryClientOptions options)
   at Microsoft.AspNetCore.Mvc.Testing.WebApplicationFactory`1.CreateClient()
   at DnD_Character_Sheet_Creator.Tests.EquipmentApiControllerTests..ctor(DnDTestApplicationFactory factory) in C:\TVZ\Druga_apsolventska\ASP_Net\Projekt\DnD_Character_Sheet_Creator\DnD_Character_Sheet_Creator.Tests\EquipmentApiControllerTests.cs:line 19
   at InvokeStub_EquipmentApiControllerTests..ctor(Object, Span`1)
   at System.Reflection.MethodBaseInvoker.InvokeWithOneArg(Object obj, BindingFlags invokeAttr, Binder binder, Object[] parameters, CultureInfo culture)
  Failed DnD_Character_Sheet_Creator.Tests.CharactersApiControllerTests.Delete_WithInvalidId_ShouldReturnNotFound [1 ms]
  Error Message:
   System.InvalidOperationException : Services for database providers 'Microsoft.EntityFrameworkCore.SqlServer', 'Microsoft.EntityFrameworkCore.InMemory' have been registered in the service provider. Only a single database provider can be registered in a service provider. If possible, ensure that Entity Framework is managing its service provider by removing the call to 'UseInternalServiceProvider'. Otherwise, consider conditionally registering the database provider, or maintaining one service provider per database provider.
  Stack Trace:
     at Microsoft.EntityFrameworkCore.Internal.DbContextServices.Initialize(IServiceProvider scopedProvider, DbContextOptions contextOptions, DbContext context)
   at Microsoft.EntityFrameworkCore.DbContext.get_ContextServices()
   at Microsoft.EntityFrameworkCore.DbContext.get_InternalServiceProvider()
   at Microsoft.EntityFrameworkCore.DbContext.Microsoft.EntityFrameworkCore.Infrastructure.IInfrastructure<System.IServiceProvider>.get_Instance()
   at Microsoft.EntityFrameworkCore.Infrastructure.DatabaseFacade.Microsoft.EntityFrameworkCore.Infrastructure.IInfrastructure<System.IServiceProvider>.get_Instance()
   at Microsoft.EntityFrameworkCore.RelationalDatabaseFacadeExtensions.GetRelationalService[TService](IInfrastructure`1 databaseFacade)
   at Microsoft.EntityFrameworkCore.RelationalDatabaseFacadeExtensions.Migrate(DatabaseFacade databaseFacade)
   at Program.<Main>$(String[] args) in C:\TVZ\Druga_apsolventska\ASP_Net\Projekt\DnD_Character_Sheet_Creator\DnD_Character_Sheet_Creator.Web\Program.cs:line 57
   at Program.<Main>(String[] args)
   at InvokeStub_Program.<Main>(Object, Span`1)
   at System.Reflection.MethodBaseInvoker.InvokeWithOneArg(Object obj, BindingFlags invokeAttr, Binder binder, Object[] parameters, CultureInfo culture)
--- End of stack trace from previous location ---
   at Microsoft.AspNetCore.Mvc.Testing.DeferredHostBuilder.DeferredHost.StartAsync(CancellationToken cancellationToken)
   at Microsoft.Extensions.Hosting.HostingAbstractionsHostExtensions.Start(IHost host)
   at Microsoft.AspNetCore.Mvc.Testing.WebApplicationFactory`1.CreateHost(IHostBuilder builder)
   at Microsoft.AspNetCore.Mvc.Testing.WebApplicationFactory`1.ConfigureHostBuilder(IHostBuilder hostBuilder)
   at Microsoft.AspNetCore.Mvc.Testing.WebApplicationFactory`1.EnsureServer()
   at Microsoft.AspNetCore.Mvc.Testing.WebApplicationFactory`1.CreateDefaultClient(DelegatingHandler[] handlers)
   at Microsoft.AspNetCore.Mvc.Testing.WebApplicationFactory`1.CreateDefaultClient(Uri baseAddress, DelegatingHandler[] handlers)
   at Microsoft.AspNetCore.Mvc.Testing.WebApplicationFactory`1.CreateClient(WebApplicationFactoryClientOptions options)
   at Microsoft.AspNetCore.Mvc.Testing.WebApplicationFactory`1.CreateClient()
   at DnD_Character_Sheet_Creator.Tests.CharactersApiControllerTests..ctor(DnDTestApplicationFactory factory) in C:\TVZ\Druga_apsolventska\ASP_Net\Projekt\DnD_Character_Sheet_Creator\DnD_Character_Sheet_Creator.Tests\CharactersApiControllerTests.cs:line 19
   at InvokeStub_CharactersApiControllerTests..ctor(Object, Span`1)
   at System.Reflection.MethodBaseInvoker.InvokeWithOneArg(Object obj, BindingFlags invokeAttr, Binder binder, Object[] parameters, CultureInfo culture)
  Failed DnD_Character_Sheet_Creator.Tests.PlayersApiControllerTests.GetAll_ShouldReturnOkWithPlayers [1 ms]
  Error Message:
   System.InvalidOperationException : Services for database providers 'Microsoft.EntityFrameworkCore.SqlServer', 'Microsoft.EntityFrameworkCore.InMemory' have been registered in the service provider. Only a single database provider can be registered in a service provider. If possible, ensure that Entity Framework is managing its service provider by removing the call to 'UseInternalServiceProvider'. Otherwise, consider conditionally registering the database provider, or maintaining one service provider per database provider.
  Stack Trace:
     at Microsoft.EntityFrameworkCore.Internal.DbContextServices.Initialize(IServiceProvider scopedProvider, DbContextOptions contextOptions, DbContext context)
   at Microsoft.EntityFrameworkCore.DbContext.get_ContextServices()
   at Microsoft.EntityFrameworkCore.DbContext.get_InternalServiceProvider()
   at Microsoft.EntityFrameworkCore.DbContext.Microsoft.EntityFrameworkCore.Infrastructure.IInfrastructure<System.IServiceProvider>.get_Instance()
   at Microsoft.EntityFrameworkCore.Infrastructure.DatabaseFacade.Microsoft.EntityFrameworkCore.Infrastructure.IInfrastructure<System.IServiceProvider>.get_Instance()
   at Microsoft.EntityFrameworkCore.RelationalDatabaseFacadeExtensions.GetRelationalService[TService](IInfrastructure`1 databaseFacade)
   at Microsoft.EntityFrameworkCore.RelationalDatabaseFacadeExtensions.Migrate(DatabaseFacade databaseFacade)
   at Program.<Main>$(String[] args) in C:\TVZ\Druga_apsolventska\ASP_Net\Projekt\DnD_Character_Sheet_Creator\DnD_Character_Sheet_Creator.Web\Program.cs:line 57
   at Program.<Main>(String[] args)
   at InvokeStub_Program.<Main>(Object, Span`1)
   at System.Reflection.MethodBaseInvoker.InvokeWithOneArg(Object obj, BindingFlags invokeAttr, Binder binder, Object[] parameters, CultureInfo culture)
--- End of stack trace from previous location ---
   at Microsoft.AspNetCore.Mvc.Testing.DeferredHostBuilder.DeferredHost.StartAsync(CancellationToken cancellationToken)
   at Microsoft.Extensions.Hosting.HostingAbstractionsHostExtensions.Start(IHost host)
   at Microsoft.AspNetCore.Mvc.Testing.WebApplicationFactory`1.CreateHost(IHostBuilder builder)
   at Microsoft.AspNetCore.Mvc.Testing.WebApplicationFactory`1.ConfigureHostBuilder(IHostBuilder hostBuilder)
   at Microsoft.AspNetCore.Mvc.Testing.WebApplicationFactory`1.EnsureServer()
   at Microsoft.AspNetCore.Mvc.Testing.WebApplicationFactory`1.CreateDefaultClient(DelegatingHandler[] handlers)
   at Microsoft.AspNetCore.Mvc.Testing.WebApplicationFactory`1.CreateDefaultClient(Uri baseAddress, DelegatingHandler[] handlers)
   at Microsoft.AspNetCore.Mvc.Testing.WebApplicationFactory`1.CreateClient(WebApplicationFactoryClientOptions options)
   at Microsoft.AspNetCore.Mvc.Testing.WebApplicationFactory`1.CreateClient()
   at DnD_Character_Sheet_Creator.Tests.PlayersApiControllerTests..ctor(DnDTestApplicationFactory factory) in C:\TVZ\Druga_apsolventska\ASP_Net\Projekt\DnD_Character_Sheet_Creator\DnD_Character_Sheet_Creator.Tests\PlayersApiControllerTests.cs:line 19
   at InvokeStub_PlayersApiControllerTests..ctor(Object, Span`1)
   at System.Reflection.MethodBaseInvoker.InvokeWithOneArg(Object obj, BindingFlags invokeAttr, Binder binder, Object[] parameters, CultureInfo culture)
  Failed DnD_Character_Sheet_Creator.Tests.CharacterLevelsApiControllerTests.GetAll_ShouldReturnOkWithLevels [1 ms]
  Error Message:
   System.InvalidOperationException : Services for database providers 'Microsoft.EntityFrameworkCore.SqlServer', 'Microsoft.EntityFrameworkCore.InMemory' have been registered in the service provider. Only a single database provider can be registered in a service provider. If possible, ensure that Entity Framework is managing its service provider by removing the call to 'UseInternalServiceProvider'. Otherwise, consider conditionally registering the database provider, or maintaining one service provider per database provider.
  Stack Trace:
     at Microsoft.EntityFrameworkCore.Internal.DbContextServices.Initialize(IServiceProvider scopedProvider, DbContextOptions contextOptions, DbContext context)
   at Microsoft.EntityFrameworkCore.DbContext.get_ContextServices()
   at Microsoft.EntityFrameworkCore.DbContext.get_InternalServiceProvider()
   at Microsoft.EntityFrameworkCore.DbContext.Microsoft.EntityFrameworkCore.Infrastructure.IInfrastructure<System.IServiceProvider>.get_Instance()
   at Microsoft.EntityFrameworkCore.Infrastructure.DatabaseFacade.Microsoft.EntityFrameworkCore.Infrastructure.IInfrastructure<System.IServiceProvider>.get_Instance()
   at Microsoft.EntityFrameworkCore.RelationalDatabaseFacadeExtensions.GetRelationalService[TService](IInfrastructure`1 databaseFacade)
   at Microsoft.EntityFrameworkCore.RelationalDatabaseFacadeExtensions.Migrate(DatabaseFacade databaseFacade)
   at Program.<Main>$(String[] args) in C:\TVZ\Druga_apsolventska\ASP_Net\Projekt\DnD_Character_Sheet_Creator\DnD_Character_Sheet_Creator.Web\Program.cs:line 57
   at Program.<Main>(String[] args)
   at InvokeStub_Program.<Main>(Object, Span`1)
   at System.Reflection.MethodBaseInvoker.InvokeWithOneArg(Object obj, BindingFlags invokeAttr, Binder binder, Object[] parameters, CultureInfo culture)
--- End of stack trace from previous location ---
   at Microsoft.AspNetCore.Mvc.Testing.DeferredHostBuilder.DeferredHost.StartAsync(CancellationToken cancellationToken)
   at Microsoft.Extensions.Hosting.HostingAbstractionsHostExtensions.Start(IHost host)
   at Microsoft.AspNetCore.Mvc.Testing.WebApplicationFactory`1.CreateHost(IHostBuilder builder)
   at Microsoft.AspNetCore.Mvc.Testing.WebApplicationFactory`1.ConfigureHostBuilder(IHostBuilder hostBuilder)
   at Microsoft.AspNetCore.Mvc.Testing.WebApplicationFactory`1.EnsureServer()
   at Microsoft.AspNetCore.Mvc.Testing.WebApplicationFactory`1.CreateDefaultClient(DelegatingHandler[] handlers)
   at Microsoft.AspNetCore.Mvc.Testing.WebApplicationFactory`1.CreateDefaultClient(Uri baseAddress, DelegatingHandler[] handlers)
   at Microsoft.AspNetCore.Mvc.Testing.WebApplicationFactory`1.CreateClient(WebApplicationFactoryClientOptions options)
   at Microsoft.AspNetCore.Mvc.Testing.WebApplicationFactory`1.CreateClient()
   at DnD_Character_Sheet_Creator.Tests.CharacterLevelsApiControllerTests..ctor(DnDTestApplicationFactory factory) in C:\TVZ\Druga_apsolventska\ASP_Net\Projekt\DnD_Character_Sheet_Creator\DnD_Character_Sheet_Creator.Tests\CharacterLevelsApiControllerTests.cs:line 18
   at InvokeStub_CharacterLevelsApiControllerTests..ctor(Object, Span`1)
   at System.Reflection.MethodBaseInvoker.InvokeWithOneArg(Object obj, BindingFlags invokeAttr, Binder binder, Object[] parameters, CultureInfo culture)
  Failed DnD_Character_Sheet_Creator.Tests.EquipmentApiControllerTests.Delete_WithValidId_ShouldReturnNoContent [1 ms]
  Error Message:
   System.InvalidOperationException : Services for database providers 'Microsoft.EntityFrameworkCore.SqlServer', 'Microsoft.EntityFrameworkCore.InMemory' have been registered in the service provider. Only a single database provider can be registered in a service provider. If possible, ensure that Entity Framework is managing its service provider by removing the call to 'UseInternalServiceProvider'. Otherwise, consider conditionally registering the database provider, or maintaining one service provider per database provider.
  Stack Trace:
     at Microsoft.EntityFrameworkCore.Internal.DbContextServices.Initialize(IServiceProvider scopedProvider, DbContextOptions contextOptions, DbContext context)
   at Microsoft.EntityFrameworkCore.DbContext.get_ContextServices()
   at Microsoft.EntityFrameworkCore.DbContext.get_InternalServiceProvider()
   at Microsoft.EntityFrameworkCore.DbContext.Microsoft.EntityFrameworkCore.Infrastructure.IInfrastructure<System.IServiceProvider>.get_Instance()
   at Microsoft.EntityFrameworkCore.Infrastructure.DatabaseFacade.Microsoft.EntityFrameworkCore.Infrastructure.IInfrastructure<System.IServiceProvider>.get_Instance()
   at Microsoft.EntityFrameworkCore.RelationalDatabaseFacadeExtensions.GetRelationalService[TService](IInfrastructure`1 databaseFacade)
   at Microsoft.EntityFrameworkCore.RelationalDatabaseFacadeExtensions.Migrate(DatabaseFacade databaseFacade)
   at Program.<Main>$(String[] args) in C:\TVZ\Druga_apsolventska\ASP_Net\Projekt\DnD_Character_Sheet_Creator\DnD_Character_Sheet_Creator.Web\Program.cs:line 57
   at Program.<Main>(String[] args)
   at InvokeStub_Program.<Main>(Object, Span`1)
   at System.Reflection.MethodBaseInvoker.InvokeWithOneArg(Object obj, BindingFlags invokeAttr, Binder binder, Object[] parameters, CultureInfo culture)
--- End of stack trace from previous location ---
   at Microsoft.AspNetCore.Mvc.Testing.DeferredHostBuilder.DeferredHost.StartAsync(CancellationToken cancellationToken)
   at Microsoft.Extensions.Hosting.HostingAbstractionsHostExtensions.Start(IHost host)
   at Microsoft.AspNetCore.Mvc.Testing.WebApplicationFactory`1.CreateHost(IHostBuilder builder)
   at Microsoft.AspNetCore.Mvc.Testing.WebApplicationFactory`1.ConfigureHostBuilder(IHostBuilder hostBuilder)
   at Microsoft.AspNetCore.Mvc.Testing.WebApplicationFactory`1.EnsureServer()
   at Microsoft.AspNetCore.Mvc.Testing.WebApplicationFactory`1.CreateDefaultClient(DelegatingHandler[] handlers)
   at Microsoft.AspNetCore.Mvc.Testing.WebApplicationFactory`1.CreateDefaultClient(Uri baseAddress, DelegatingHandler[] handlers)
   at Microsoft.AspNetCore.Mvc.Testing.WebApplicationFactory`1.CreateClient(WebApplicationFactoryClientOptions options)
   at Microsoft.AspNetCore.Mvc.Testing.WebApplicationFactory`1.CreateClient()
   at DnD_Character_Sheet_Creator.Tests.EquipmentApiControllerTests..ctor(DnDTestApplicationFactory factory) in C:\TVZ\Druga_apsolventska\ASP_Net\Projekt\DnD_Character_Sheet_Creator\DnD_Character_Sheet_Creator.Tests\EquipmentApiControllerTests.cs:line 19
   at InvokeStub_EquipmentApiControllerTests..ctor(Object, Span`1)
   at System.Reflection.MethodBaseInvoker.InvokeWithOneArg(Object obj, BindingFlags invokeAttr, Binder binder, Object[] parameters, CultureInfo culture)
  Failed DnD_Character_Sheet_Creator.Tests.CharactersApiControllerTests.Create_WithValidData_ShouldReturnCreated [1 ms]
  Error Message:
   System.InvalidOperationException : Services for database providers 'Microsoft.EntityFrameworkCore.SqlServer', 'Microsoft.EntityFrameworkCore.InMemory' have been registered in the service provider. Only a single database provider can be registered in a service provider. If possible, ensure that Entity Framework is managing its service provider by removing the call to 'UseInternalServiceProvider'. Otherwise, consider conditionally registering the database provider, or maintaining one service provider per database provider.
  Stack Trace:
     at Microsoft.EntityFrameworkCore.Internal.DbContextServices.Initialize(IServiceProvider scopedProvider, DbContextOptions contextOptions, DbContext context)
   at Microsoft.EntityFrameworkCore.DbContext.get_ContextServices()
   at Microsoft.EntityFrameworkCore.DbContext.get_InternalServiceProvider()
   at Microsoft.EntityFrameworkCore.DbContext.Microsoft.EntityFrameworkCore.Infrastructure.IInfrastructure<System.IServiceProvider>.get_Instance()
   at Microsoft.EntityFrameworkCore.Infrastructure.DatabaseFacade.Microsoft.EntityFrameworkCore.Infrastructure.IInfrastructure<System.IServiceProvider>.get_Instance()
   at Microsoft.EntityFrameworkCore.RelationalDatabaseFacadeExtensions.GetRelationalService[TService](IInfrastructure`1 databaseFacade)
   at Microsoft.EntityFrameworkCore.RelationalDatabaseFacadeExtensions.Migrate(DatabaseFacade databaseFacade)
   at Program.<Main>$(String[] args) in C:\TVZ\Druga_apsolventska\ASP_Net\Projekt\DnD_Character_Sheet_Creator\DnD_Character_Sheet_Creator.Web\Program.cs:line 57
   at Program.<Main>(String[] args)
   at InvokeStub_Program.<Main>(Object, Span`1)
   at System.Reflection.MethodBaseInvoker.InvokeWithOneArg(Object obj, BindingFlags invokeAttr, Binder binder, Object[] parameters, CultureInfo culture)
--- End of stack trace from previous location ---
   at Microsoft.AspNetCore.Mvc.Testing.DeferredHostBuilder.DeferredHost.StartAsync(CancellationToken cancellationToken)
   at Microsoft.Extensions.Hosting.HostingAbstractionsHostExtensions.Start(IHost host)
   at Microsoft.AspNetCore.Mvc.Testing.WebApplicationFactory`1.CreateHost(IHostBuilder builder)
   at Microsoft.AspNetCore.Mvc.Testing.WebApplicationFactory`1.ConfigureHostBuilder(IHostBuilder hostBuilder)
   at Microsoft.AspNetCore.Mvc.Testing.WebApplicationFactory`1.EnsureServer()
   at Microsoft.AspNetCore.Mvc.Testing.WebApplicationFactory`1.CreateDefaultClient(DelegatingHandler[] handlers)
   at Microsoft.AspNetCore.Mvc.Testing.WebApplicationFactory`1.CreateDefaultClient(Uri baseAddress, DelegatingHandler[] handlers)
   at Microsoft.AspNetCore.Mvc.Testing.WebApplicationFactory`1.CreateClient(WebApplicationFactoryClientOptions options)
   at Microsoft.AspNetCore.Mvc.Testing.WebApplicationFactory`1.CreateClient()
   at DnD_Character_Sheet_Creator.Tests.CharactersApiControllerTests..ctor(DnDTestApplicationFactory factory) in C:\TVZ\Druga_apsolventska\ASP_Net\Projekt\DnD_Character_Sheet_Creator\DnD_Character_Sheet_Creator.Tests\CharactersApiControllerTests.cs:line 19
   at InvokeStub_CharactersApiControllerTests..ctor(Object, Span`1)
   at System.Reflection.MethodBaseInvoker.InvokeWithOneArg(Object obj, BindingFlags invokeAttr, Binder binder, Object[] parameters, CultureInfo culture)
  Failed DnD_Character_Sheet_Creator.Tests.CharacterLevelsApiControllerTests.GetById_WithValidId_ShouldReturnOk [1 ms]
  Error Message:
   System.InvalidOperationException : Services for database providers 'Microsoft.EntityFrameworkCore.SqlServer', 'Microsoft.EntityFrameworkCore.InMemory' have been registered in the service provider. Only a single database provider can be registered in a service provider. If possible, ensure that Entity Framework is managing its service provider by removing the call to 'UseInternalServiceProvider'. Otherwise, consider conditionally registering the database provider, or maintaining one service provider per database provider.
  Stack Trace:
     at Microsoft.EntityFrameworkCore.Internal.DbContextServices.Initialize(IServiceProvider scopedProvider, DbContextOptions contextOptions, DbContext context)
   at Microsoft.EntityFrameworkCore.DbContext.get_ContextServices()
   at Microsoft.EntityFrameworkCore.DbContext.get_InternalServiceProvider()
   at Microsoft.EntityFrameworkCore.DbContext.Microsoft.EntityFrameworkCore.Infrastructure.IInfrastructure<System.IServiceProvider>.get_Instance()
   at Microsoft.EntityFrameworkCore.Infrastructure.DatabaseFacade.Microsoft.EntityFrameworkCore.Infrastructure.IInfrastructure<System.IServiceProvider>.get_Instance()
   at Microsoft.EntityFrameworkCore.RelationalDatabaseFacadeExtensions.GetRelationalService[TService](IInfrastructure`1 databaseFacade)
   at Microsoft.EntityFrameworkCore.RelationalDatabaseFacadeExtensions.Migrate(DatabaseFacade databaseFacade)
   at Program.<Main>$(String[] args) in C:\TVZ\Druga_apsolventska\ASP_Net\Projekt\DnD_Character_Sheet_Creator\DnD_Character_Sheet_Creator.Web\Program.cs:line 57
   at Program.<Main>(String[] args)
   at InvokeStub_Program.<Main>(Object, Span`1)
   at System.Reflection.MethodBaseInvoker.InvokeWithOneArg(Object obj, BindingFlags invokeAttr, Binder binder, Object[] parameters, CultureInfo culture)
--- End of stack trace from previous location ---
   at Microsoft.AspNetCore.Mvc.Testing.DeferredHostBuilder.DeferredHost.StartAsync(CancellationToken cancellationToken)
   at Microsoft.Extensions.Hosting.HostingAbstractionsHostExtensions.Start(IHost host)
   at Microsoft.AspNetCore.Mvc.Testing.WebApplicationFactory`1.CreateHost(IHostBuilder builder)
   at Microsoft.AspNetCore.Mvc.Testing.WebApplicationFactory`1.ConfigureHostBuilder(IHostBuilder hostBuilder)
   at Microsoft.AspNetCore.Mvc.Testing.WebApplicationFactory`1.EnsureServer()
   at Microsoft.AspNetCore.Mvc.Testing.WebApplicationFactory`1.CreateDefaultClient(DelegatingHandler[] handlers)
   at Microsoft.AspNetCore.Mvc.Testing.WebApplicationFactory`1.CreateDefaultClient(Uri baseAddress, DelegatingHandler[] handlers)
   at Microsoft.AspNetCore.Mvc.Testing.WebApplicationFactory`1.CreateClient(WebApplicationFactoryClientOptions options)
   at Microsoft.AspNetCore.Mvc.Testing.WebApplicationFactory`1.CreateClient()
   at DnD_Character_Sheet_Creator.Tests.CharacterLevelsApiControllerTests..ctor(DnDTestApplicationFactory factory) in C:\TVZ\Druga_apsolventska\ASP_Net\Projekt\DnD_Character_Sheet_Creator\DnD_Character_Sheet_Creator.Tests\CharacterLevelsApiControllerTests.cs:line 18
   at InvokeStub_CharacterLevelsApiControllerTests..ctor(Object, Span`1)
   at System.Reflection.MethodBaseInvoker.InvokeWithOneArg(Object obj, BindingFlags invokeAttr, Binder binder, Object[] parameters, CultureInfo culture)
  Failed DnD_Character_Sheet_Creator.Tests.PlayersApiControllerTests.GetById_WithInvalidId_ShouldReturnNotFound [1 ms]
  Error Message:
   System.InvalidOperationException : Services for database providers 'Microsoft.EntityFrameworkCore.SqlServer', 'Microsoft.EntityFrameworkCore.InMemory' have been registered in the service provider. Only a single database provider can be registered in a service provider. If possible, ensure that Entity Framework is managing its service provider by removing the call to 'UseInternalServiceProvider'. Otherwise, consider conditionally registering the database provider, or maintaining one service provider per database provider.
  Stack Trace:
     at Microsoft.EntityFrameworkCore.Internal.DbContextServices.Initialize(IServiceProvider scopedProvider, DbContextOptions contextOptions, DbContext context)
   at Microsoft.EntityFrameworkCore.DbContext.get_ContextServices()
   at Microsoft.EntityFrameworkCore.DbContext.get_InternalServiceProvider()
   at Microsoft.EntityFrameworkCore.DbContext.Microsoft.EntityFrameworkCore.Infrastructure.IInfrastructure<System.IServiceProvider>.get_Instance()
   at Microsoft.EntityFrameworkCore.Infrastructure.DatabaseFacade.Microsoft.EntityFrameworkCore.Infrastructure.IInfrastructure<System.IServiceProvider>.get_Instance()
   at Microsoft.EntityFrameworkCore.RelationalDatabaseFacadeExtensions.GetRelationalService[TService](IInfrastructure`1 databaseFacade)
   at Microsoft.EntityFrameworkCore.RelationalDatabaseFacadeExtensions.Migrate(DatabaseFacade databaseFacade)
   at Program.<Main>$(String[] args) in C:\TVZ\Druga_apsolventska\ASP_Net\Projekt\DnD_Character_Sheet_Creator\DnD_Character_Sheet_Creator.Web\Program.cs:line 57
   at Program.<Main>(String[] args)
   at InvokeStub_Program.<Main>(Object, Span`1)
   at System.Reflection.MethodBaseInvoker.InvokeWithOneArg(Object obj, BindingFlags invokeAttr, Binder binder, Object[] parameters, CultureInfo culture)
--- End of stack trace from previous location ---
   at Microsoft.AspNetCore.Mvc.Testing.DeferredHostBuilder.DeferredHost.StartAsync(CancellationToken cancellationToken)
   at Microsoft.Extensions.Hosting.HostingAbstractionsHostExtensions.Start(IHost host)
   at Microsoft.AspNetCore.Mvc.Testing.WebApplicationFactory`1.CreateHost(IHostBuilder builder)
   at Microsoft.AspNetCore.Mvc.Testing.WebApplicationFactory`1.ConfigureHostBuilder(IHostBuilder hostBuilder)
   at Microsoft.AspNetCore.Mvc.Testing.WebApplicationFactory`1.EnsureServer()
   at Microsoft.AspNetCore.Mvc.Testing.WebApplicationFactory`1.CreateDefaultClient(DelegatingHandler[] handlers)
   at Microsoft.AspNetCore.Mvc.Testing.WebApplicationFactory`1.CreateDefaultClient(Uri baseAddress, DelegatingHandler[] handlers)
   at Microsoft.AspNetCore.Mvc.Testing.WebApplicationFactory`1.CreateClient(WebApplicationFactoryClientOptions options)
   at Microsoft.AspNetCore.Mvc.Testing.WebApplicationFactory`1.CreateClient()
   at DnD_Character_Sheet_Creator.Tests.PlayersApiControllerTests..ctor(DnDTestApplicationFactory factory) in C:\TVZ\Druga_apsolventska\ASP_Net\Projekt\DnD_Character_Sheet_Creator\DnD_Character_Sheet_Creator.Tests\PlayersApiControllerTests.cs:line 19
   at InvokeStub_PlayersApiControllerTests..ctor(Object, Span`1)
   at System.Reflection.MethodBaseInvoker.InvokeWithOneArg(Object obj, BindingFlags invokeAttr, Binder binder, Object[] parameters, CultureInfo culture)
[xUnit.net 00:00:00.44]     DnD_Character_Sheet_Creator.Tests.PlayersApiControl
lerTests.Update_WithValidData_ShouldReturnOk [FAIL]
[xUnit.net 00:00:00.44]     DnD_Character_Sheet_Creator.Tests.CharacterLevelsAp
iControllerTests.Create_WithValidData_ShouldReturnCreated [FAIL]
[xUnit.net 00:00:00.45]     DnD_Character_Sheet_Creator.Tests.EquipmentApiContr
ollerTests.Delete_WithInvalidId_ShouldReturnNotFound [FAIL]
[xUnit.net 00:00:00.45]     DnD_Character_Sheet_Creator.Tests.CharactersApiCont
rollerTests.Search_ShouldReturnFilteredCharacters [FAIL]
[xUnit.net 00:00:00.45]     DnD_Character_Sheet_Creator.Tests.PlayersApiControl
lerTests.GetById_WithValidId_ShouldReturnOk [FAIL]
[xUnit.net 00:00:00.45]     DnD_Character_Sheet_Creator.Tests.CharactersApiCont
rollerTests.Create_WithInvalidPlayerId_ShouldReturnBadRequest [FAIL]
[xUnit.net 00:00:00.45]     DnD_Character_Sheet_Creator.Tests.EquipmentApiContr
ollerTests.Update_WithInvalidId_ShouldReturnNotFound [FAIL]
  Failed DnD_Character_Sheet_Creator.Tests.PlayersApiControllerTests.Update_WithValidData_ShouldReturnOk [1 ms]
  Error Message:
   System.InvalidOperationException : Services for database providers 'Microsoft.EntityFrameworkCore.SqlServer', 'Microsoft.EntityFrameworkCore.InMemory' have been registered in the service provider. Only a single database provider can be registered in a service provider. If possible, ensure that Entity Framework is managing its service provider by removing the call to 'UseInternalServiceProvider'. Otherwise, consider conditionally registering the database provider, or maintaining one service provider per database provider.
  Stack Trace:
     at Microsoft.EntityFrameworkCore.Internal.DbContextServices.Initialize(IServiceProvider scopedProvider, DbContextOptions contextOptions, DbContext context)
   at Microsoft.EntityFrameworkCore.DbContext.get_ContextServices()
   at Microsoft.EntityFrameworkCore.DbContext.get_InternalServiceProvider()
   at Microsoft.EntityFrameworkCore.DbContext.Microsoft.EntityFrameworkCore.Infrastructure.IInfrastructure<System.IServiceProvider>.get_Instance()
   at Microsoft.EntityFrameworkCore.Infrastructure.DatabaseFacade.Microsoft.EntityFrameworkCore.Infrastructure.IInfrastructure<System.IServiceProvider>.get_Instance()
   at Microsoft.EntityFrameworkCore.RelationalDatabaseFacadeExtensions.GetRelationalService[TService](IInfrastructure`1 databaseFacade)
   at Microsoft.EntityFrameworkCore.RelationalDatabaseFacadeExtensions.Migrate(DatabaseFacade databaseFacade)
   at Program.<Main>$(String[] args) in C:\TVZ\Druga_apsolventska\ASP_Net\Projekt\DnD_Character_Sheet_Creator\DnD_Character_Sheet_Creator.Web\Program.cs:line 57
   at Program.<Main>(String[] args)
   at InvokeStub_Program.<Main>(Object, Span`1)
   at System.Reflection.MethodBaseInvoker.InvokeWithOneArg(Object obj, BindingFlags invokeAttr, Binder binder, Object[] parameters, CultureInfo culture)
--- End of stack trace from previous location ---
   at Microsoft.AspNetCore.Mvc.Testing.DeferredHostBuilder.DeferredHost.StartAsync(CancellationToken cancellationToken)
   at Microsoft.Extensions.Hosting.HostingAbstractionsHostExtensions.Start(IHost host)
   at Microsoft.AspNetCore.Mvc.Testing.WebApplicationFactory`1.CreateHost(IHostBuilder builder)
   at Microsoft.AspNetCore.Mvc.Testing.WebApplicationFactory`1.ConfigureHostBuilder(IHostBuilder hostBuilder)
   at Microsoft.AspNetCore.Mvc.Testing.WebApplicationFactory`1.EnsureServer()
   at Microsoft.AspNetCore.Mvc.Testing.WebApplicationFactory`1.CreateDefaultClient(DelegatingHandler[] handlers)
   at Microsoft.AspNetCore.Mvc.Testing.WebApplicationFactory`1.CreateDefaultClient(Uri baseAddress, DelegatingHandler[] handlers)
   at Microsoft.AspNetCore.Mvc.Testing.WebApplicationFactory`1.CreateClient(WebApplicationFactoryClientOptions options)
   at Microsoft.AspNetCore.Mvc.Testing.WebApplicationFactory`1.CreateClient()
   at DnD_Character_Sheet_Creator.Tests.PlayersApiControllerTests..ctor(DnDTestApplicationFactory factory) in C:\TVZ\Druga_apsolventska\ASP_Net\Projekt\DnD_Character_Sheet_Creator\DnD_Character_Sheet_Creator.Tests\PlayersApiControllerTests.cs:line 19
   at InvokeStub_PlayersApiControllerTests..ctor(Object, Span`1)
   at System.Reflection.MethodBaseInvoker.InvokeWithOneArg(Object obj, BindingFlags invokeAttr, Binder binder, Object[] parameters, CultureInfo culture)
  Failed DnD_Character_Sheet_Creator.Tests.CharacterLevelsApiControllerTests.Create_WithValidData_ShouldReturnCreated [1 ms]
  Error Message:
   System.InvalidOperationException : Services for database providers 'Microsoft.EntityFrameworkCore.SqlServer', 'Microsoft.EntityFrameworkCore.InMemory' have been registered in the service provider. Only a single database provider can be registered in a service provider. If possible, ensure that Entity Framework is managing its service provider by removing the call to 'UseInternalServiceProvider'. Otherwise, consider conditionally registering the database provider, or maintaining one service provider per database provider.
  Stack Trace:
     at Microsoft.EntityFrameworkCore.Internal.DbContextServices.Initialize(IServiceProvider scopedProvider, DbContextOptions contextOptions, DbContext context)
   at Microsoft.EntityFrameworkCore.DbContext.get_ContextServices()
   at Microsoft.EntityFrameworkCore.DbContext.get_InternalServiceProvider()
   at Microsoft.EntityFrameworkCore.DbContext.Microsoft.EntityFrameworkCore.Infrastructure.IInfrastructure<System.IServiceProvider>.get_Instance()
   at Microsoft.EntityFrameworkCore.Infrastructure.DatabaseFacade.Microsoft.EntityFrameworkCore.Infrastructure.IInfrastructure<System.IServiceProvider>.get_Instance()
   at Microsoft.EntityFrameworkCore.RelationalDatabaseFacadeExtensions.GetRelationalService[TService](IInfrastructure`1 databaseFacade)
   at Microsoft.EntityFrameworkCore.RelationalDatabaseFacadeExtensions.Migrate(DatabaseFacade databaseFacade)
   at Program.<Main>$(String[] args) in C:\TVZ\Druga_apsolventska\ASP_Net\Projekt\DnD_Character_Sheet_Creator\DnD_Character_Sheet_Creator.Web\Program.cs:line 57
   at Program.<Main>(String[] args)
   at InvokeStub_Program.<Main>(Object, Span`1)
   at System.Reflection.MethodBaseInvoker.InvokeWithOneArg(Object obj, BindingFlags invokeAttr, Binder binder, Object[] parameters, CultureInfo culture)
--- End of stack trace from previous location ---
   at Microsoft.AspNetCore.Mvc.Testing.DeferredHostBuilder.DeferredHost.StartAsync(CancellationToken cancellationToken)
   at Microsoft.Extensions.Hosting.HostingAbstractionsHostExtensions.Start(IHost host)
   at Microsoft.AspNetCore.Mvc.Testing.WebApplicationFactory`1.CreateHost(IHostBuilder builder)
   at Microsoft.AspNetCore.Mvc.Testing.WebApplicationFactory`1.ConfigureHostBuilder(IHostBuilder hostBuilder)
   at Microsoft.AspNetCore.Mvc.Testing.WebApplicationFactory`1.EnsureServer()
   at Microsoft.AspNetCore.Mvc.Testing.WebApplicationFactory`1.CreateDefaultClient(DelegatingHandler[] handlers)
   at Microsoft.AspNetCore.Mvc.Testing.WebApplicationFactory`1.CreateDefaultClient(Uri baseAddress, DelegatingHandler[] handlers)
   at Microsoft.AspNetCore.Mvc.Testing.WebApplicationFactory`1.CreateClient(WebApplicationFactoryClientOptions options)
   at Microsoft.AspNetCore.Mvc.Testing.WebApplicationFactory`1.CreateClient()
   at DnD_Character_Sheet_Creator.Tests.CharacterLevelsApiControllerTests..ctor(DnDTestApplicationFactory factory) in C:\TVZ\Druga_apsolventska\ASP_Net\Projekt\DnD_Character_Sheet_Creator\DnD_Character_Sheet_Creator.Tests\CharacterLevelsApiControllerTests.cs:line 18
   at InvokeStub_CharacterLevelsApiControllerTests..ctor(Object, Span`1)
   at System.Reflection.MethodBaseInvoker.InvokeWithOneArg(Object obj, BindingFlags invokeAttr, Binder binder, Object[] parameters, CultureInfo culture)
  Failed DnD_Character_Sheet_Creator.Tests.EquipmentApiControllerTests.Delete_WithInvalidId_ShouldReturnNotFound [1 ms]
  Error Message:
   System.InvalidOperationException : Services for database providers 'Microsoft.EntityFrameworkCore.SqlServer', 'Microsoft.EntityFrameworkCore.InMemory' have been registered in the service provider. Only a single database provider can be registered in a service provider. If possible, ensure that Entity Framework is managing its service provider by removing the call to 'UseInternalServiceProvider'. Otherwise, consider conditionally registering the database provider, or maintaining one service provider per database provider.
  Stack Trace:
     at Microsoft.EntityFrameworkCore.Internal.DbContextServices.Initialize(IServiceProvider scopedProvider, DbContextOptions contextOptions, DbContext context)
   at Microsoft.EntityFrameworkCore.DbContext.get_ContextServices()
   at Microsoft.EntityFrameworkCore.DbContext.get_InternalServiceProvider()
   at Microsoft.EntityFrameworkCore.DbContext.Microsoft.EntityFrameworkCore.Infrastructure.IInfrastructure<System.IServiceProvider>.get_Instance()
   at Microsoft.EntityFrameworkCore.Infrastructure.DatabaseFacade.Microsoft.EntityFrameworkCore.Infrastructure.IInfrastructure<System.IServiceProvider>.get_Instance()
   at Microsoft.EntityFrameworkCore.RelationalDatabaseFacadeExtensions.GetRelationalService[TService](IInfrastructure`1 databaseFacade)
   at Microsoft.EntityFrameworkCore.RelationalDatabaseFacadeExtensions.Migrate(DatabaseFacade databaseFacade)
   at Program.<Main>$(String[] args) in C:\TVZ\Druga_apsolventska\ASP_Net\Projekt\DnD_Character_Sheet_Creator\DnD_Character_Sheet_Creator.Web\Program.cs:line 57
   at Program.<Main>(String[] args)
   at InvokeStub_Program.<Main>(Object, Span`1)
   at System.Reflection.MethodBaseInvoker.InvokeWithOneArg(Object obj, BindingFlags invokeAttr, Binder binder, Object[] parameters, CultureInfo culture)
--- End of stack trace from previous location ---
   at Microsoft.AspNetCore.Mvc.Testing.DeferredHostBuilder.DeferredHost.StartAsync(CancellationToken cancellationToken)
   at Microsoft.Extensions.Hosting.HostingAbstractionsHostExtensions.Start(IHost host)
   at Microsoft.AspNetCore.Mvc.Testing.WebApplicationFactory`1.CreateHost(IHostBuilder builder)
   at Microsoft.AspNetCore.Mvc.Testing.WebApplicationFactory`1.ConfigureHostBuilder(IHostBuilder hostBuilder)
   at Microsoft.AspNetCore.Mvc.Testing.WebApplicationFactory`1.EnsureServer()
   at Microsoft.AspNetCore.Mvc.Testing.WebApplicationFactory`1.CreateDefaultClient(DelegatingHandler[] handlers)
   at Microsoft.AspNetCore.Mvc.Testing.WebApplicationFactory`1.CreateDefaultClient(Uri baseAddress, DelegatingHandler[] handlers)
   at Microsoft.AspNetCore.Mvc.Testing.WebApplicationFactory`1.CreateClient(WebApplicationFactoryClientOptions options)
   at Microsoft.AspNetCore.Mvc.Testing.WebApplicationFactory`1.CreateClient()
   at DnD_Character_Sheet_Creator.Tests.EquipmentApiControllerTests..ctor(DnDTestApplicationFactory factory) in C:\TVZ\Druga_apsolventska\ASP_Net\Projekt\DnD_Character_Sheet_Creator\DnD_Character_Sheet_Creator.Tests\EquipmentApiControllerTests.cs:line 19
   at InvokeStub_EquipmentApiControllerTests..ctor(Object, Span`1)
   at System.Reflection.MethodBaseInvoker.InvokeWithOneArg(Object obj, BindingFlags invokeAttr, Binder binder, Object[] parameters, CultureInfo culture)
  Failed DnD_Character_Sheet_Creator.Tests.CharactersApiControllerTests.Search_ShouldReturnFilteredCharacters [1 ms]
  Error Message:
   System.InvalidOperationException : Services for database providers 'Microsoft.EntityFrameworkCore.SqlServer', 'Microsoft.EntityFrameworkCore.InMemory' have been registered in the service provider. Only a single database provider can be registered in a service provider. If possible, ensure that Entity Framework is managing its service provider by removing the call to 'UseInternalServiceProvider'. Otherwise, consider conditionally registering the database provider, or maintaining one service provider per database provider.
  Stack Trace:
     at Microsoft.EntityFrameworkCore.Internal.DbContextServices.Initialize(IServiceProvider scopedProvider, DbContextOptions contextOptions, DbContext context)
   at Microsoft.EntityFrameworkCore.DbContext.get_ContextServices()
   at Microsoft.EntityFrameworkCore.DbContext.get_InternalServiceProvider()
   at Microsoft.EntityFrameworkCore.DbContext.Microsoft.EntityFrameworkCore.Infrastructure.IInfrastructure<System.IServiceProvider>.get_Instance()
   at Microsoft.EntityFrameworkCore.Infrastructure.DatabaseFacade.Microsoft.EntityFrameworkCore.Infrastructure.IInfrastructure<System.IServiceProvider>.get_Instance()
   at Microsoft.EntityFrameworkCore.RelationalDatabaseFacadeExtensions.GetRelationalService[TService](IInfrastructure`1 databaseFacade)
   at Microsoft.EntityFrameworkCore.RelationalDatabaseFacadeExtensions.Migrate(DatabaseFacade databaseFacade)
   at Program.<Main>$(String[] args) in C:\TVZ\Druga_apsolventska\ASP_Net\Projekt\DnD_Character_Sheet_Creator\DnD_Character_Sheet_Creator.Web\Program.cs:line 57
   at Program.<Main>(String[] args)
   at InvokeStub_Program.<Main>(Object, Span`1)
   at System.Reflection.MethodBaseInvoker.InvokeWithOneArg(Object obj, BindingFlags invokeAttr, Binder binder, Object[] parameters, CultureInfo culture)
--- End of stack trace from previous location ---
   at Microsoft.AspNetCore.Mvc.Testing.DeferredHostBuilder.DeferredHost.StartAsync(CancellationToken cancellationToken)
   at Microsoft.Extensions.Hosting.HostingAbstractionsHostExtensions.Start(IHost host)
   at Microsoft.AspNetCore.Mvc.Testing.WebApplicationFactory`1.CreateHost(IHostBuilder builder)
   at Microsoft.AspNetCore.Mvc.Testing.WebApplicationFactory`1.ConfigureHostBuilder(IHostBuilder hostBuilder)
   at Microsoft.AspNetCore.Mvc.Testing.WebApplicationFactory`1.EnsureServer()
   at Microsoft.AspNetCore.Mvc.Testing.WebApplicationFactory`1.CreateDefaultClient(DelegatingHandler[] handlers)
   at Microsoft.AspNetCore.Mvc.Testing.WebApplicationFactory`1.CreateDefaultClient(Uri baseAddress, DelegatingHandler[] handlers)
   at Microsoft.AspNetCore.Mvc.Testing.WebApplicationFactory`1.CreateClient(WebApplicationFactoryClientOptions options)
   at Microsoft.AspNetCore.Mvc.Testing.WebApplicationFactory`1.CreateClient()
   at DnD_Character_Sheet_Creator.Tests.CharactersApiControllerTests..ctor(DnDTestApplicationFactory factory) in C:\TVZ\Druga_apsolventska\ASP_Net\Projekt\DnD_Character_Sheet_Creator\DnD_Character_Sheet_Creator.Tests\CharactersApiControllerTests.cs:line 19
   at InvokeStub_CharactersApiControllerTests..ctor(Object, Span`1)
   at System.Reflection.MethodBaseInvoker.InvokeWithOneArg(Object obj, BindingFlags invokeAttr, Binder binder, Object[] parameters, CultureInfo culture)
  Failed DnD_Character_Sheet_Creator.Tests.PlayersApiControllerTests.GetById_WithValidId_ShouldReturnOk [1 ms]
  Error Message:
   System.InvalidOperationException : Services for database providers 'Microsoft.EntityFrameworkCore.SqlServer', 'Microsoft.EntityFrameworkCore.InMemory' have been registered in the service provider. Only a single database provider can be registered in a service provider. If possible, ensure that Entity Framework is managing its service provider by removing the call to 'UseInternalServiceProvider'. Otherwise, consider conditionally registering the database provider, or maintaining one service provider per database provider.
  Stack Trace:
     at Microsoft.EntityFrameworkCore.Internal.DbContextServices.Initialize(IServiceProvider scopedProvider, DbContextOptions contextOptions, DbContext context)
   at Microsoft.EntityFrameworkCore.DbContext.get_ContextServices()
   at Microsoft.EntityFrameworkCore.DbContext.get_InternalServiceProvider()
   at Microsoft.EntityFrameworkCore.DbContext.Microsoft.EntityFrameworkCore.Infrastructure.IInfrastructure<System.IServiceProvider>.get_Instance()
   at Microsoft.EntityFrameworkCore.Infrastructure.DatabaseFacade.Microsoft.EntityFrameworkCore.Infrastructure.IInfrastructure<System.IServiceProvider>.get_Instance()
   at Microsoft.EntityFrameworkCore.RelationalDatabaseFacadeExtensions.GetRelationalService[TService](IInfrastructure`1 databaseFacade)
   at Microsoft.EntityFrameworkCore.RelationalDatabaseFacadeExtensions.Migrate(DatabaseFacade databaseFacade)
   at Program.<Main>$(String[] args) in C:\TVZ\Druga_apsolventska\ASP_Net\Projekt\DnD_Character_Sheet_Creator\DnD_Character_Sheet_Creator.Web\Program.cs:line 57
   at Program.<Main>(String[] args)
   at InvokeStub_Program.<Main>(Object, Span`1)
   at System.Reflection.MethodBaseInvoker.InvokeWithOneArg(Object obj, BindingFlags invokeAttr, Binder binder, Object[] parameters, CultureInfo culture)
--- End of stack trace from previous location ---
   at Microsoft.AspNetCore.Mvc.Testing.DeferredHostBuilder.DeferredHost.StartAsync(CancellationToken cancellationToken)
   at Microsoft.Extensions.Hosting.HostingAbstractionsHostExtensions.Start(IHost host)
   at Microsoft.AspNetCore.Mvc.Testing.WebApplicationFactory`1.CreateHost(IHostBuilder builder)
   at Microsoft.AspNetCore.Mvc.Testing.WebApplicationFactory`1.ConfigureHostBuilder(IHostBuilder hostBuilder)
   at Microsoft.AspNetCore.Mvc.Testing.WebApplicationFactory`1.EnsureServer()
   at Microsoft.AspNetCore.Mvc.Testing.WebApplicationFactory`1.CreateDefaultClient(DelegatingHandler[] handlers)
   at Microsoft.AspNetCore.Mvc.Testing.WebApplicationFactory`1.CreateDefaultClient(Uri baseAddress, DelegatingHandler[] handlers)
   at Microsoft.AspNetCore.Mvc.Testing.WebApplicationFactory`1.CreateClient(WebApplicationFactoryClientOptions options)
   at Microsoft.AspNetCore.Mvc.Testing.WebApplicationFactory`1.CreateClient()
   at DnD_Character_Sheet_Creator.Tests.PlayersApiControllerTests..ctor(DnDTestApplicationFactory factory) in C:\TVZ\Druga_apsolventska\ASP_Net\Projekt\DnD_Character_Sheet_Creator\DnD_Character_Sheet_Creator.Tests\PlayersApiControllerTests.cs:line 19
   at InvokeStub_PlayersApiControllerTests..ctor(Object, Span`1)
   at System.Reflection.MethodBaseInvoker.InvokeWithOneArg(Object obj, BindingFlags invokeAttr, Binder binder, Object[] parameters, CultureInfo culture)
  Failed DnD_Character_Sheet_Creator.Tests.CharactersApiControllerTests.Create_WithInvalidPlayerId_ShouldReturnBadRequest [1 ms]
  Error Message:
   System.InvalidOperationException : Services for database providers 'Microsoft.EntityFrameworkCore.SqlServer', 'Microsoft.EntityFrameworkCore.InMemory' have been registered in the service provider. Only a single database provider can be registered in a service provider. If possible, ensure that Entity Framework is managing its service provider by removing the call to 'UseInternalServiceProvider'. Otherwise, consider conditionally registering the database provider, or maintaining one service provider per database provider.
  Stack Trace:
     at Microsoft.EntityFrameworkCore.Internal.DbContextServices.Initialize(IServiceProvider scopedProvider, DbContextOptions contextOptions, DbContext context)
   at Microsoft.EntityFrameworkCore.DbContext.get_ContextServices()
   at Microsoft.EntityFrameworkCore.DbContext.get_InternalServiceProvider()
   at Microsoft.EntityFrameworkCore.DbContext.Microsoft.EntityFrameworkCore.Infrastructure.IInfrastructure<System.IServiceProvider>.get_Instance()
   at Microsoft.EntityFrameworkCore.Infrastructure.DatabaseFacade.Microsoft.EntityFrameworkCore.Infrastructure.IInfrastructure<System.IServiceProvider>.get_Instance()
   at Microsoft.EntityFrameworkCore.RelationalDatabaseFacadeExtensions.GetRelationalService[TService](IInfrastructure`1 databaseFacade)
   at Microsoft.EntityFrameworkCore.RelationalDatabaseFacadeExtensions.Migrate(DatabaseFacade databaseFacade)
   at Program.<Main>$(String[] args) in C:\TVZ\Druga_apsolventska\ASP_Net\Projekt\DnD_Character_Sheet_Creator\DnD_Character_Sheet_Creator.Web\Program.cs:line 57
   at Program.<Main>(String[] args)
   at InvokeStub_Program.<Main>(Object, Span`1)
   at System.Reflection.MethodBaseInvoker.InvokeWithOneArg(Object obj, BindingFlags invokeAttr, Binder binder, Object[] parameters, CultureInfo culture)
--- End of stack trace from previous location ---
   at Microsoft.AspNetCore.Mvc.Testing.DeferredHostBuilder.DeferredHost.StartAsync(CancellationToken cancellationToken)
   at Microsoft.Extensions.Hosting.HostingAbstractionsHostExtensions.Start(IHost host)
   at Microsoft.AspNetCore.Mvc.Testing.WebApplicationFactory`1.CreateHost(IHostBuilder builder)
   at Microsoft.AspNetCore.Mvc.Testing.WebApplicationFactory`1.ConfigureHostBuilder(IHostBuilder hostBuilder)
   at Microsoft.AspNetCore.Mvc.Testing.WebApplicationFactory`1.EnsureServer()
   at Microsoft.AspNetCore.Mvc.Testing.WebApplicationFactory`1.CreateDefaultClient(DelegatingHandler[] handlers)
   at Microsoft.AspNetCore.Mvc.Testing.WebApplicationFactory`1.CreateDefaultClient(Uri baseAddress, DelegatingHandler[] handlers)
   at Microsoft.AspNetCore.Mvc.Testing.WebApplicationFactory`1.CreateClient(WebApplicationFactoryClientOptions options)
   at Microsoft.AspNetCore.Mvc.Testing.WebApplicationFactory`1.CreateClient()
   at DnD_Character_Sheet_Creator.Tests.CharactersApiControllerTests..ctor(DnDTestApplicationFactory factory) in C:\TVZ\Druga_apsolventska\ASP_Net\Projekt\DnD_Character_Sheet_Creator\DnD_Character_Sheet_Creator.Tests\CharactersApiControllerTests.cs:line 19
   at InvokeStub_CharactersApiControllerTests..ctor(Object, Span`1)
   at System.Reflection.MethodBaseInvoker.InvokeWithOneArg(Object obj, BindingFlags invokeAttr, Binder binder, Object[] parameters, CultureInfo culture)
  Failed DnD_Character_Sheet_Creator.Tests.EquipmentApiControllerTests.Update_WithInvalidId_ShouldReturnNotFound [1 ms]
  Error Message:
   System.InvalidOperationException : Services for database providers 'Microsoft.EntityFrameworkCore.SqlServer', 'Microsoft.EntityFrameworkCore.InMemory' have been registered in the service provider. Only a single database provider can be registered in a service provider. If possible, ensure that Entity Framework is managing its service provider by removing the call to 'UseInternalServiceProvider'. Otherwise, consider conditionally registering the database provider, or maintaining one service provider per database provider.
  Stack Trace:
     at Microsoft.EntityFrameworkCore.Internal.DbContextServices.Initialize(IServiceProvider scopedProvider, DbContextOptions contextOptions, DbContext context)
   at Microsoft.EntityFrameworkCore.DbContext.get_ContextServices()
   at Microsoft.EntityFrameworkCore.DbContext.get_InternalServiceProvider()
   at Microsoft.EntityFrameworkCore.DbContext.Microsoft.EntityFrameworkCore.Infrastructure.IInfrastructure<System.IServiceProvider>.get_Instance()
   at Microsoft.EntityFrameworkCore.Infrastructure.DatabaseFacade.Microsoft.EntityFrameworkCore.Infrastructure.IInfrastructure<System.IServiceProvider>.get_Instance()
   at Microsoft.EntityFrameworkCore.RelationalDatabaseFacadeExtensions.GetRelationalService[TService](IInfrastructure`1 databaseFacade)
   at Microsoft.EntityFrameworkCore.RelationalDatabaseFacadeExtensions.Migrate(DatabaseFacade databaseFacade)
   at Program.<Main>$(String[] args) in C:\TVZ\Druga_apsolventska\ASP_Net\Projekt\DnD_Character_Sheet_Creator\DnD_Character_Sheet_Creator.Web\Program.cs:line 57
   at Program.<Main>(String[] args)
   at InvokeStub_Program.<Main>(Object, Span`1)
   at System.Reflection.MethodBaseInvoker.InvokeWithOneArg(Object obj, BindingFlags invokeAttr, Binder binder, Object[] parameters, CultureInfo culture)
--- End of stack trace from previous location ---
   at Microsoft.AspNetCore.Mvc.Testing.DeferredHostBuilder.DeferredHost.StartAsync(CancellationToken cancellationToken)
   at Microsoft.Extensions.Hosting.HostingAbstractionsHostExtensions.Start(IHost host)
   at Microsoft.AspNetCore.Mvc.Testing.WebApplicationFactory`1.CreateHost(IHostBuilder builder)
   at Microsoft.AspNetCore.Mvc.Testing.WebApplicationFactory`1.ConfigureHostBuilder(IHostBuilder hostBuilder)
   at Microsoft.AspNetCore.Mvc.Testing.WebApplicationFactory`1.EnsureServer()
   at Microsoft.AspNetCore.Mvc.Testing.WebApplicationFactory`1.CreateDefaultClient(DelegatingHandler[] handlers)
   at Microsoft.AspNetCore.Mvc.Testing.WebApplicationFactory`1.CreateDefaultClient(Uri baseAddress, DelegatingHandler[] handlers)
   at Microsoft.AspNetCore.Mvc.Testing.WebApplicationFactory`1.CreateClient(WebApplicationFactoryClientOptions options)
   at Microsoft.AspNetCore.Mvc.Testing.WebApplicationFactory`1.CreateClient()
   at DnD_Character_Sheet_Creator.Tests.EquipmentApiControllerTests..ctor(DnDTestApplicationFactory factory) in C:\TVZ\Druga_apsolventska\ASP_Net\Projekt\DnD_Character_Sheet_Creator\DnD_Character_Sheet_Creator.Tests\EquipmentApiControllerTests.cs:line 19
   at InvokeStub_EquipmentApiControllerTests..ctor(Object, Span`1)
   at System.Reflection.MethodBaseInvoker.InvokeWithOneArg(Object obj, BindingFlags invokeAttr, Binder binder, Object[] parameters, CultureInfo culture)
[xUnit.net 00:00:00.49]     DnD_Character_Sheet_Creator.Tests.CharacterLevelsAp
iControllerTests.Search_ShouldReturnFilteredLevels [FAIL]
[xUnit.net 00:00:00.50]     DnD_Character_Sheet_Creator.Tests.PlayersApiControl
lerTests.Delete_WithInvalidId_ShouldReturnNotFound [FAIL]
[xUnit.net 00:00:00.50]     DnD_Character_Sheet_Creator.Tests.CharactersApiCont
rollerTests.Update_WithValidData_ShouldReturnOk [FAIL]
[xUnit.net 00:00:00.50]     DnD_Character_Sheet_Creator.Tests.EquipmentApiContr
ollerTests.Create_WithValidData_ShouldReturnCreated [FAIL]
[xUnit.net 00:00:00.50]     DnD_Character_Sheet_Creator.Tests.CharacterLevelsAp
iControllerTests.Create_WithDuplicateLevel_ShouldReturnBadRequest [FAIL]
[xUnit.net 00:00:00.51]     DnD_Character_Sheet_Creator.Tests.CharacterLevelsAp
iControllerTests.Delete_WithValidId_ShouldReturnNoContent [FAIL]
[xUnit.net 00:00:00.51]     DnD_Character_Sheet_Creator.Tests.CharactersApiCont
rollerTests.GetAll_ShouldReturnOkWithCharacters [FAIL]
[xUnit.net 00:00:00.51]     DnD_Character_Sheet_Creator.Tests.EquipmentApiContr
ollerTests.GetAll_ShouldReturnOkWithEquipment [FAIL]
  Failed DnD_Character_Sheet_Creator.Tests.CharacterLevelsApiControllerTests.Search_ShouldReturnFilteredLevels [1 ms]
  Error Message:
   System.InvalidOperationException : Services for database providers 'Microsoft.EntityFrameworkCore.SqlServer', 'Microsoft.EntityFrameworkCore.InMemory' have been registered in the service provider. Only a single database provider can be registered in a service provider. If possible, ensure that Entity Framework is managing its service provider by removing the call to 'UseInternalServiceProvider'. Otherwise, consider conditionally registering the database provider, or maintaining one service provider per database provider.
  Stack Trace:
     at Microsoft.EntityFrameworkCore.Internal.DbContextServices.Initialize(IServiceProvider scopedProvider, DbContextOptions contextOptions, DbContext context)
   at Microsoft.EntityFrameworkCore.DbContext.get_ContextServices()
   at Microsoft.EntityFrameworkCore.DbContext.get_InternalServiceProvider()
   at Microsoft.EntityFrameworkCore.DbContext.Microsoft.EntityFrameworkCore.Infrastructure.IInfrastructure<System.IServiceProvider>.get_Instance()
   at Microsoft.EntityFrameworkCore.Infrastructure.DatabaseFacade.Microsoft.EntityFrameworkCore.Infrastructure.IInfrastructure<System.IServiceProvider>.get_Instance()
   at Microsoft.EntityFrameworkCore.RelationalDatabaseFacadeExtensions.GetRelationalService[TService](IInfrastructure`1 databaseFacade)
   at Microsoft.EntityFrameworkCore.RelationalDatabaseFacadeExtensions.Migrate(DatabaseFacade databaseFacade)
   at Program.<Main>$(String[] args) in C:\TVZ\Druga_apsolventska\ASP_Net\Projekt\DnD_Character_Sheet_Creator\DnD_Character_Sheet_Creator.Web\Program.cs:line 57
   at Program.<Main>(String[] args)
   at InvokeStub_Program.<Main>(Object, Span`1)
   at System.Reflection.MethodBaseInvoker.InvokeWithOneArg(Object obj, BindingFlags invokeAttr, Binder binder, Object[] parameters, CultureInfo culture)
--- End of stack trace from previous location ---
   at Microsoft.AspNetCore.Mvc.Testing.DeferredHostBuilder.DeferredHost.StartAsync(CancellationToken cancellationToken)
   at Microsoft.Extensions.Hosting.HostingAbstractionsHostExtensions.Start(IHost host)
   at Microsoft.AspNetCore.Mvc.Testing.WebApplicationFactory`1.CreateHost(IHostBuilder builder)
   at Microsoft.AspNetCore.Mvc.Testing.WebApplicationFactory`1.ConfigureHostBuilder(IHostBuilder hostBuilder)
   at Microsoft.AspNetCore.Mvc.Testing.WebApplicationFactory`1.EnsureServer()
   at Microsoft.AspNetCore.Mvc.Testing.WebApplicationFactory`1.CreateDefaultClient(DelegatingHandler[] handlers)
   at Microsoft.AspNetCore.Mvc.Testing.WebApplicationFactory`1.CreateDefaultClient(Uri baseAddress, DelegatingHandler[] handlers)
   at Microsoft.AspNetCore.Mvc.Testing.WebApplicationFactory`1.CreateClient(WebApplicationFactoryClientOptions options)
   at Microsoft.AspNetCore.Mvc.Testing.WebApplicationFactory`1.CreateClient()
   at DnD_Character_Sheet_Creator.Tests.CharacterLevelsApiControllerTests..ctor(DnDTestApplicationFactory factory) in C:\TVZ\Druga_apsolventska\ASP_Net\Projekt\DnD_Character_Sheet_Creator\DnD_Character_Sheet_Creator.Tests\CharacterLevelsApiControllerTests.cs:line 18
   at InvokeStub_CharacterLevelsApiControllerTests..ctor(Object, Span`1)
   at System.Reflection.MethodBaseInvoker.InvokeWithOneArg(Object obj, BindingFlags invokeAttr, Binder binder, Object[] parameters, CultureInfo culture)
  Failed DnD_Character_Sheet_Creator.Tests.PlayersApiControllerTests.Delete_WithInvalidId_ShouldReturnNotFound [1 ms]
  Error Message:
   System.InvalidOperationException : Services for database providers 'Microsoft.EntityFrameworkCore.SqlServer', 'Microsoft.EntityFrameworkCore.InMemory' have been registered in the service provider. Only a single database provider can be registered in a service provider. If possible, ensure that Entity Framework is managing its service provider by removing the call to 'UseInternalServiceProvider'. Otherwise, consider conditionally registering the database provider, or maintaining one service provider per database provider.
  Stack Trace:
     at Microsoft.EntityFrameworkCore.Internal.DbContextServices.Initialize(IServiceProvider scopedProvider, DbContextOptions contextOptions, DbContext context)
   at Microsoft.EntityFrameworkCore.DbContext.get_ContextServices()
   at Microsoft.EntityFrameworkCore.DbContext.get_InternalServiceProvider()
   at Microsoft.EntityFrameworkCore.DbContext.Microsoft.EntityFrameworkCore.Infrastructure.IInfrastructure<System.IServiceProvider>.get_Instance()
   at Microsoft.EntityFrameworkCore.Infrastructure.DatabaseFacade.Microsoft.EntityFrameworkCore.Infrastructure.IInfrastructure<System.IServiceProvider>.get_Instance()
   at Microsoft.EntityFrameworkCore.RelationalDatabaseFacadeExtensions.GetRelationalService[TService](IInfrastructure`1 databaseFacade)
   at Microsoft.EntityFrameworkCore.RelationalDatabaseFacadeExtensions.Migrate(DatabaseFacade databaseFacade)
   at Program.<Main>$(String[] args) in C:\TVZ\Druga_apsolventska\ASP_Net\Projekt\DnD_Character_Sheet_Creator\DnD_Character_Sheet_Creator.Web\Program.cs:line 57
   at Program.<Main>(String[] args)
   at InvokeStub_Program.<Main>(Object, Span`1)
   at System.Reflection.MethodBaseInvoker.InvokeWithOneArg(Object obj, BindingFlags invokeAttr, Binder binder, Object[] parameters, CultureInfo culture)
--- End of stack trace from previous location ---
   at Microsoft.AspNetCore.Mvc.Testing.DeferredHostBuilder.DeferredHost.StartAsync(CancellationToken cancellationToken)
   at Microsoft.Extensions.Hosting.HostingAbstractionsHostExtensions.Start(IHost host)
   at Microsoft.AspNetCore.Mvc.Testing.WebApplicationFactory`1.CreateHost(IHostBuilder builder)
   at Microsoft.AspNetCore.Mvc.Testing.WebApplicationFactory`1.ConfigureHostBuilder(IHostBuilder hostBuilder)
   at Microsoft.AspNetCore.Mvc.Testing.WebApplicationFactory`1.EnsureServer()
   at Microsoft.AspNetCore.Mvc.Testing.WebApplicationFactory`1.CreateDefaultClient(DelegatingHandler[] handlers)
   at Microsoft.AspNetCore.Mvc.Testing.WebApplicationFactory`1.CreateDefaultClient(Uri baseAddress, DelegatingHandler[] handlers)
   at Microsoft.AspNetCore.Mvc.Testing.WebApplicationFactory`1.CreateClient(WebApplicationFactoryClientOptions options)
   at Microsoft.AspNetCore.Mvc.Testing.WebApplicationFactory`1.CreateClient()
   at DnD_Character_Sheet_Creator.Tests.PlayersApiControllerTests..ctor(DnDTestApplicationFactory factory) in C:\TVZ\Druga_apsolventska\ASP_Net\Projekt\DnD_Character_Sheet_Creator\DnD_Character_Sheet_Creator.Tests\PlayersApiControllerTests.cs:line 19
   at InvokeStub_PlayersApiControllerTests..ctor(Object, Span`1)
   at System.Reflection.MethodBaseInvoker.InvokeWithOneArg(Object obj, BindingFlags invokeAttr, Binder binder, Object[] parameters, CultureInfo culture)
  Failed DnD_Character_Sheet_Creator.Tests.CharactersApiControllerTests.Update_WithValidData_ShouldReturnOk [1 ms]
  Error Message:
   System.InvalidOperationException : Services for database providers 'Microsoft.EntityFrameworkCore.SqlServer', 'Microsoft.EntityFrameworkCore.InMemory' have been registered in the service provider. Only a single database provider can be registered in a service provider. If possible, ensure that Entity Framework is managing its service provider by removing the call to 'UseInternalServiceProvider'. Otherwise, consider conditionally registering the database provider, or maintaining one service provider per database provider.
  Stack Trace:
     at Microsoft.EntityFrameworkCore.Internal.DbContextServices.Initialize(IServiceProvider scopedProvider, DbContextOptions contextOptions, DbContext context)
   at Microsoft.EntityFrameworkCore.DbContext.get_ContextServices()
   at Microsoft.EntityFrameworkCore.DbContext.get_InternalServiceProvider()
   at Microsoft.EntityFrameworkCore.DbContext.Microsoft.EntityFrameworkCore.Infrastructure.IInfrastructure<System.IServiceProvider>.get_Instance()
   at Microsoft.EntityFrameworkCore.Infrastructure.DatabaseFacade.Microsoft.EntityFrameworkCore.Infrastructure.IInfrastructure<System.IServiceProvider>.get_Instance()
   at Microsoft.EntityFrameworkCore.RelationalDatabaseFacadeExtensions.GetRelationalService[TService](IInfrastructure`1 databaseFacade)
   at Microsoft.EntityFrameworkCore.RelationalDatabaseFacadeExtensions.Migrate(DatabaseFacade databaseFacade)
   at Program.<Main>$(String[] args) in C:\TVZ\Druga_apsolventska\ASP_Net\Projekt\DnD_Character_Sheet_Creator\DnD_Character_Sheet_Creator.Web\Program.cs:line 57
   at Program.<Main>(String[] args)
   at InvokeStub_Program.<Main>(Object, Span`1)
   at System.Reflection.MethodBaseInvoker.InvokeWithOneArg(Object obj, BindingFlags invokeAttr, Binder binder, Object[] parameters, CultureInfo culture)
--- End of stack trace from previous location ---
   at Microsoft.AspNetCore.Mvc.Testing.DeferredHostBuilder.DeferredHost.StartAsync(CancellationToken cancellationToken)
   at Microsoft.Extensions.Hosting.HostingAbstractionsHostExtensions.Start(IHost host)
   at Microsoft.AspNetCore.Mvc.Testing.WebApplicationFactory`1.CreateHost(IHostBuilder builder)
   at Microsoft.AspNetCore.Mvc.Testing.WebApplicationFactory`1.ConfigureHostBuilder(IHostBuilder hostBuilder)
   at Microsoft.AspNetCore.Mvc.Testing.WebApplicationFactory`1.EnsureServer()
   at Microsoft.AspNetCore.Mvc.Testing.WebApplicationFactory`1.CreateDefaultClient(DelegatingHandler[] handlers)
   at Microsoft.AspNetCore.Mvc.Testing.WebApplicationFactory`1.CreateDefaultClient(Uri baseAddress, DelegatingHandler[] handlers)
   at Microsoft.AspNetCore.Mvc.Testing.WebApplicationFactory`1.CreateClient(WebApplicationFactoryClientOptions options)
   at Microsoft.AspNetCore.Mvc.Testing.WebApplicationFactory`1.CreateClient()
   at DnD_Character_Sheet_Creator.Tests.CharactersApiControllerTests..ctor(DnDTestApplicationFactory factory) in C:\TVZ\Druga_apsolventska\ASP_Net\Projekt\DnD_Character_Sheet_Creator\DnD_Character_Sheet_Creator.Tests\CharactersApiControllerTests.cs:line 19
   at InvokeStub_CharactersApiControllerTests..ctor(Object, Span`1)
   at System.Reflection.MethodBaseInvoker.InvokeWithOneArg(Object obj, BindingFlags invokeAttr, Binder binder, Object[] parameters, CultureInfo culture)
  Failed DnD_Character_Sheet_Creator.Tests.EquipmentApiControllerTests.Create_WithValidData_ShouldReturnCreated [1 ms]
  Error Message:
   System.InvalidOperationException : Services for database providers 'Microsoft.EntityFrameworkCore.SqlServer', 'Microsoft.EntityFrameworkCore.InMemory' have been registered in the service provider. Only a single database provider can be registered in a service provider. If possible, ensure that Entity Framework is managing its service provider by removing the call to 'UseInternalServiceProvider'. Otherwise, consider conditionally registering the database provider, or maintaining one service provider per database provider.
  Stack Trace:
     at Microsoft.EntityFrameworkCore.Internal.DbContextServices.Initialize(IServiceProvider scopedProvider, DbContextOptions contextOptions, DbContext context)
   at Microsoft.EntityFrameworkCore.DbContext.get_ContextServices()
   at Microsoft.EntityFrameworkCore.DbContext.get_InternalServiceProvider()
   at Microsoft.EntityFrameworkCore.DbContext.Microsoft.EntityFrameworkCore.Infrastructure.IInfrastructure<System.IServiceProvider>.get_Instance()
   at Microsoft.EntityFrameworkCore.Infrastructure.DatabaseFacade.Microsoft.EntityFrameworkCore.Infrastructure.IInfrastructure<System.IServiceProvider>.get_Instance()
   at Microsoft.EntityFrameworkCore.RelationalDatabaseFacadeExtensions.GetRelationalService[TService](IInfrastructure`1 databaseFacade)
   at Microsoft.EntityFrameworkCore.RelationalDatabaseFacadeExtensions.Migrate(DatabaseFacade databaseFacade)
   at Program.<Main>$(String[] args) in C:\TVZ\Druga_apsolventska\ASP_Net\Projekt\DnD_Character_Sheet_Creator\DnD_Character_Sheet_Creator.Web\Program.cs:line 57
   at Program.<Main>(String[] args)
   at InvokeStub_Program.<Main>(Object, Span`1)
   at System.Reflection.MethodBaseInvoker.InvokeWithOneArg(Object obj, BindingFlags invokeAttr, Binder binder, Object[] parameters, CultureInfo culture)
--- End of stack trace from previous location ---
   at Microsoft.AspNetCore.Mvc.Testing.DeferredHostBuilder.DeferredHost.StartAsync(CancellationToken cancellationToken)
   at Microsoft.Extensions.Hosting.HostingAbstractionsHostExtensions.Start(IHost host)
   at Microsoft.AspNetCore.Mvc.Testing.WebApplicationFactory`1.CreateHost(IHostBuilder builder)
   at Microsoft.AspNetCore.Mvc.Testing.WebApplicationFactory`1.ConfigureHostBuilder(IHostBuilder hostBuilder)
   at Microsoft.AspNetCore.Mvc.Testing.WebApplicationFactory`1.EnsureServer()
   at Microsoft.AspNetCore.Mvc.Testing.WebApplicationFactory`1.CreateDefaultClient(DelegatingHandler[] handlers)
   at Microsoft.AspNetCore.Mvc.Testing.WebApplicationFactory`1.CreateDefaultClient(Uri baseAddress, DelegatingHandler[] handlers)
   at Microsoft.AspNetCore.Mvc.Testing.WebApplicationFactory`1.CreateClient(WebApplicationFactoryClientOptions options)
   at Microsoft.AspNetCore.Mvc.Testing.WebApplicationFactory`1.CreateClient()
   at DnD_Character_Sheet_Creator.Tests.EquipmentApiControllerTests..ctor(DnDTestApplicationFactory factory) in C:\TVZ\Druga_apsolventska\ASP_Net\Projekt\DnD_Character_Sheet_Creator\DnD_Character_Sheet_Creator.Tests\EquipmentApiControllerTests.cs:line 19
   at InvokeStub_EquipmentApiControllerTests..ctor(Object, Span`1)
   at System.Reflection.MethodBaseInvoker.InvokeWithOneArg(Object obj, BindingFlags invokeAttr, Binder binder, Object[] parameters, CultureInfo culture)
  Failed DnD_Character_Sheet_Creator.Tests.CharacterLevelsApiControllerTests.Create_WithDuplicateLevel_ShouldReturnBadRequest [1 ms]
  Error Message:
   System.InvalidOperationException : Services for database providers 'Microsoft.EntityFrameworkCore.SqlServer', 'Microsoft.EntityFrameworkCore.InMemory' have been registered in the service provider. Only a single database provider can be registered in a service provider. If possible, ensure that Entity Framework is managing its service provider by removing the call to 'UseInternalServiceProvider'. Otherwise, consider conditionally registering the database provider, or maintaining one service provider per database provider.
  Stack Trace:
     at Microsoft.EntityFrameworkCore.Internal.DbContextServices.Initialize(IServiceProvider scopedProvider, DbContextOptions contextOptions, DbContext context)
   at Microsoft.EntityFrameworkCore.DbContext.get_ContextServices()
   at Microsoft.EntityFrameworkCore.DbContext.get_InternalServiceProvider()
   at Microsoft.EntityFrameworkCore.DbContext.Microsoft.EntityFrameworkCore.Infrastructure.IInfrastructure<System.IServiceProvider>.get_Instance()
   at Microsoft.EntityFrameworkCore.Infrastructure.DatabaseFacade.Microsoft.EntityFrameworkCore.Infrastructure.IInfrastructure<System.IServiceProvider>.get_Instance()
   at Microsoft.EntityFrameworkCore.RelationalDatabaseFacadeExtensions.GetRelationalService[TService](IInfrastructure`1 databaseFacade)
   at Microsoft.EntityFrameworkCore.RelationalDatabaseFacadeExtensions.Migrate(DatabaseFacade databaseFacade)
   at Program.<Main>$(String[] args) in C:\TVZ\Druga_apsolventska\ASP_Net\Projekt\DnD_Character_Sheet_Creator\DnD_Character_Sheet_Creator.Web\Program.cs:line 57
   at Program.<Main>(String[] args)
   at InvokeStub_Program.<Main>(Object, Span`1)
   at System.Reflection.MethodBaseInvoker.InvokeWithOneArg(Object obj, BindingFlags invokeAttr, Binder binder, Object[] parameters, CultureInfo culture)
--- End of stack trace from previous location ---
   at Microsoft.AspNetCore.Mvc.Testing.DeferredHostBuilder.DeferredHost.StartAsync(CancellationToken cancellationToken)
   at Microsoft.Extensions.Hosting.HostingAbstractionsHostExtensions.Start(IHost host)
   at Microsoft.AspNetCore.Mvc.Testing.WebApplicationFactory`1.CreateHost(IHostBuilder builder)
   at Microsoft.AspNetCore.Mvc.Testing.WebApplicationFactory`1.ConfigureHostBuilder(IHostBuilder hostBuilder)
   at Microsoft.AspNetCore.Mvc.Testing.WebApplicationFactory`1.EnsureServer()
   at Microsoft.AspNetCore.Mvc.Testing.WebApplicationFactory`1.CreateDefaultClient(DelegatingHandler[] handlers)
   at Microsoft.AspNetCore.Mvc.Testing.WebApplicationFactory`1.CreateDefaultClient(Uri baseAddress, DelegatingHandler[] handlers)
   at Microsoft.AspNetCore.Mvc.Testing.WebApplicationFactory`1.CreateClient(WebApplicationFactoryClientOptions options)
   at Microsoft.AspNetCore.Mvc.Testing.WebApplicationFactory`1.CreateClient()
   at DnD_Character_Sheet_Creator.Tests.CharacterLevelsApiControllerTests..ctor(DnDTestApplicationFactory factory) in C:\TVZ\Druga_apsolventska\ASP_Net\Projekt\DnD_Character_Sheet_Creator\DnD_Character_Sheet_Creator.Tests\CharacterLevelsApiControllerTests.cs:line 18
   at InvokeStub_CharacterLevelsApiControllerTests..ctor(Object, Span`1)
   at System.Reflection.MethodBaseInvoker.InvokeWithOneArg(Object obj, BindingFlags invokeAttr, Binder binder, Object[] parameters, CultureInfo culture)
  Failed DnD_Character_Sheet_Creator.Tests.CharacterLevelsApiControllerTests.Delete_WithValidId_ShouldReturnNoContent [1 ms]
  Error Message:
   System.InvalidOperationException : Services for database providers 'Microsoft.EntityFrameworkCore.SqlServer', 'Microsoft.EntityFrameworkCore.InMemory' have been registered in the service provider. Only a single database provider can be registered in a service provider. If possible, ensure that Entity Framework is managing its service provider by removing the call to 'UseInternalServiceProvider'. Otherwise, consider conditionally registering the database provider, or maintaining one service provider per database provider.
  Stack Trace:
     at Microsoft.EntityFrameworkCore.Internal.DbContextServices.Initialize(IServiceProvider scopedProvider, DbContextOptions contextOptions, DbContext context)
   at Microsoft.EntityFrameworkCore.DbContext.get_ContextServices()
   at Microsoft.EntityFrameworkCore.DbContext.get_InternalServiceProvider()
   at Microsoft.EntityFrameworkCore.DbContext.Microsoft.EntityFrameworkCore.Infrastructure.IInfrastructure<System.IServiceProvider>.get_Instance()
   at Microsoft.EntityFrameworkCore.Infrastructure.DatabaseFacade.Microsoft.EntityFrameworkCore.Infrastructure.IInfrastructure<System.IServiceProvider>.get_Instance()
   at Microsoft.EntityFrameworkCore.RelationalDatabaseFacadeExtensions.GetRelationalService[TService](IInfrastructure`1 databaseFacade)
   at Microsoft.EntityFrameworkCore.RelationalDatabaseFacadeExtensions.Migrate(DatabaseFacade databaseFacade)
   at Program.<Main>$(String[] args) in C:\TVZ\Druga_apsolventska\ASP_Net\Projekt\DnD_Character_Sheet_Creator\DnD_Character_Sheet_Creator.Web\Program.cs:line 57
   at Program.<Main>(String[] args)
   at InvokeStub_Program.<Main>(Object, Span`1)
   at System.Reflection.MethodBaseInvoker.InvokeWithOneArg(Object obj, BindingFlags invokeAttr, Binder binder, Object[] parameters, CultureInfo culture)
--- End of stack trace from previous location ---
   at Microsoft.AspNetCore.Mvc.Testing.DeferredHostBuilder.DeferredHost.StartAsync(CancellationToken cancellationToken)
   at Microsoft.Extensions.Hosting.HostingAbstractionsHostExtensions.Start(IHost host)
   at Microsoft.AspNetCore.Mvc.Testing.WebApplicationFactory`1.CreateHost(IHostBuilder builder)
   at Microsoft.AspNetCore.Mvc.Testing.WebApplicationFactory`1.ConfigureHostBuilder(IHostBuilder hostBuilder)
   at Microsoft.AspNetCore.Mvc.Testing.WebApplicationFactory`1.EnsureServer()
   at Microsoft.AspNetCore.Mvc.Testing.WebApplicationFactory`1.CreateDefaultClient(DelegatingHandler[] handlers)
   at Microsoft.AspNetCore.Mvc.Testing.WebApplicationFactory`1.CreateDefaultClient(Uri baseAddress, DelegatingHandler[] handlers)
   at Microsoft.AspNetCore.Mvc.Testing.WebApplicationFactory`1.CreateClient(WebApplicationFactoryClientOptions options)
   at Microsoft.AspNetCore.Mvc.Testing.WebApplicationFactory`1.CreateClient()
   at DnD_Character_Sheet_Creator.Tests.CharacterLevelsApiControllerTests..ctor(DnDTestApplicationFactory factory) in C:\TVZ\Druga_apsolventska\ASP_Net\Projekt\DnD_Character_Sheet_Creator\DnD_Character_Sheet_Creator.Tests\CharacterLevelsApiControllerTests.cs:line 18
   at InvokeStub_CharacterLevelsApiControllerTests..ctor(Object, Span`1)
   at System.Reflection.MethodBaseInvoker.InvokeWithOneArg(Object obj, BindingFlags invokeAttr, Binder binder, Object[] parameters, CultureInfo culture)
  Failed DnD_Character_Sheet_Creator.Tests.CharactersApiControllerTests.GetAll_ShouldReturnOkWithCharacters [1 ms]
  Error Message:
   System.InvalidOperationException : Services for database providers 'Microsoft.EntityFrameworkCore.SqlServer', 'Microsoft.EntityFrameworkCore.InMemory' have been registered in the service provider. Only a single database provider can be registered in a service provider. If possible, ensure that Entity Framework is managing its service provider by removing the call to 'UseInternalServiceProvider'. Otherwise, consider conditionally registering the database provider, or maintaining one service provider per database provider.
  Stack Trace:
     at Microsoft.EntityFrameworkCore.Internal.DbContextServices.Initialize(IServiceProvider scopedProvider, DbContextOptions contextOptions, DbContext context)
   at Microsoft.EntityFrameworkCore.DbContext.get_ContextServices()
   at Microsoft.EntityFrameworkCore.DbContext.get_InternalServiceProvider()
   at Microsoft.EntityFrameworkCore.DbContext.Microsoft.EntityFrameworkCore.Infrastructure.IInfrastructure<System.IServiceProvider>.get_Instance()
   at Microsoft.EntityFrameworkCore.Infrastructure.DatabaseFacade.Microsoft.EntityFrameworkCore.Infrastructure.IInfrastructure<System.IServiceProvider>.get_Instance()
   at Microsoft.EntityFrameworkCore.RelationalDatabaseFacadeExtensions.GetRelationalService[TService](IInfrastructure`1 databaseFacade)
   at Microsoft.EntityFrameworkCore.RelationalDatabaseFacadeExtensions.Migrate(DatabaseFacade databaseFacade)
   at Program.<Main>$(String[] args) in C:\TVZ\Druga_apsolventska\ASP_Net\Projekt\DnD_Character_Sheet_Creator\DnD_Character_Sheet_Creator.Web\Program.cs:line 57
   at Program.<Main>(String[] args)
   at InvokeStub_Program.<Main>(Object, Span`1)
   at System.Reflection.MethodBaseInvoker.InvokeWithOneArg(Object obj, BindingFlags invokeAttr, Binder binder, Object[] parameters, CultureInfo culture)
--- End of stack trace from previous location ---
   at Microsoft.AspNetCore.Mvc.Testing.DeferredHostBuilder.DeferredHost.StartAsync(CancellationToken cancellationToken)
   at Microsoft.Extensions.Hosting.HostingAbstractionsHostExtensions.Start(IHost host)
   at Microsoft.AspNetCore.Mvc.Testing.WebApplicationFactory`1.CreateHost(IHostBuilder builder)
   at Microsoft.AspNetCore.Mvc.Testing.WebApplicationFactory`1.ConfigureHostBuilder(IHostBuilder hostBuilder)
   at Microsoft.AspNetCore.Mvc.Testing.WebApplicationFactory`1.EnsureServer()
   at Microsoft.AspNetCore.Mvc.Testing.WebApplicationFactory`1.CreateDefaultClient(DelegatingHandler[] handlers)
   at Microsoft.AspNetCore.Mvc.Testing.WebApplicationFactory`1.CreateDefaultClient(Uri baseAddress, DelegatingHandler[] handlers)
   at Microsoft.AspNetCore.Mvc.Testing.WebApplicationFactory`1.CreateClient(WebApplicationFactoryClientOptions options)
   at Microsoft.AspNetCore.Mvc.Testing.WebApplicationFactory`1.CreateClient()
   at DnD_Character_Sheet_Creator.Tests.CharactersApiControllerTests..ctor(DnDTestApplicationFactory factory) in C:\TVZ\Druga_apsolventska\ASP_Net\Projekt\DnD_Character_Sheet_Creator\DnD_Character_Sheet_Creator.Tests\CharactersApiControllerTests.cs:line 19
   at InvokeStub_CharactersApiControllerTests..ctor(Object, Span`1)
   at System.Reflection.MethodBaseInvoker.InvokeWithOneArg(Object obj, BindingFlags invokeAttr, Binder binder, Object[] parameters, CultureInfo culture)
  Failed DnD_Character_Sheet_Creator.Tests.EquipmentApiControllerTests.GetAll_ShouldReturnOkWithEquipment [1 ms]
  Error Message:
   System.InvalidOperationException : Services for database providers 'Microsoft.EntityFrameworkCore.SqlServer', 'Microsoft.EntityFrameworkCore.InMemory' have been registered in the service provider. Only a single database provider can be registered in a service provider. If possible, ensure that Entity Framework is managing its service provider by removing the call to 'UseInternalServiceProvider'. Otherwise, consider conditionally registering the database provider, or maintaining one service provider per database provider.
  Stack Trace:
     at Microsoft.EntityFrameworkCore.Internal.DbContextServices.Initialize(IServiceProvider scopedProvider, DbContextOptions contextOptions, DbContext context)
   at Microsoft.EntityFrameworkCore.DbContext.get_ContextServices()
   at Microsoft.EntityFrameworkCore.DbContext.get_InternalServiceProvider()
   at Microsoft.EntityFrameworkCore.DbContext.Microsoft.EntityFrameworkCore.Infrastructure.IInfrastructure<System.IServiceProvider>.get_Instance()
   at Microsoft.EntityFrameworkCore.Infrastructure.DatabaseFacade.Microsoft.EntityFrameworkCore.Infrastructure.IInfrastructure<System.IServiceProvider>.get_Instance()
   at Microsoft.EntityFrameworkCore.RelationalDatabaseFacadeExtensions.GetRelationalService[TService](IInfrastructure`1 databaseFacade)
   at Microsoft.EntityFrameworkCore.RelationalDatabaseFacadeExtensions.Migrate(DatabaseFacade databaseFacade)
   at Program.<Main>$(String[] args) in C:\TVZ\Druga_apsolventska\ASP_Net\Projekt\DnD_Character_Sheet_Creator\DnD_Character_Sheet_Creator.Web\Program.cs:line 57
   at Program.<Main>(String[] args)
   at InvokeStub_Program.<Main>(Object, Span`1)
   at System.Reflection.MethodBaseInvoker.InvokeWithOneArg(Object obj, BindingFlags invokeAttr, Binder binder, Object[] parameters, CultureInfo culture)
--- End of stack trace from previous location ---
   at Microsoft.AspNetCore.Mvc.Testing.DeferredHostBuilder.DeferredHost.StartAsync(CancellationToken cancellationToken)
   at Microsoft.Extensions.Hosting.HostingAbstractionsHostExtensions.Start(IHost host)
   at Microsoft.AspNetCore.Mvc.Testing.WebApplicationFactory`1.CreateHost(IHostBuilder builder)
   at Microsoft.AspNetCore.Mvc.Testing.WebApplicationFactory`1.ConfigureHostBuilder(IHostBuilder hostBuilder)
   at Microsoft.AspNetCore.Mvc.Testing.WebApplicationFactory`1.EnsureServer()
   at Microsoft.AspNetCore.Mvc.Testing.WebApplicationFactory`1.CreateDefaultClient(DelegatingHandler[] handlers)
   at Microsoft.AspNetCore.Mvc.Testing.WebApplicationFactory`1.CreateDefaultClient(Uri baseAddress, DelegatingHandler[] handlers)
   at Microsoft.AspNetCore.Mvc.Testing.WebApplicationFactory`1.CreateClient(WebApplicationFactoryClientOptions options)
   at Microsoft.AspNetCore.Mvc.Testing.WebApplicationFactory`1.CreateClient()
   at DnD_Character_Sheet_Creator.Tests.EquipmentApiControllerTests..ctor(DnDTestApplicationFactory factory) in C:\TVZ\Druga_apsolventska\ASP_Net\Projekt\DnD_Character_Sheet_Creator\DnD_Character_Sheet_Creator.Tests\EquipmentApiControllerTests.cs:line 19
   at InvokeStub_EquipmentApiControllerTests..ctor(Object, Span`1)
   at System.Reflection.MethodBaseInvoker.InvokeWithOneArg(Object obj, BindingFlags invokeAttr, Binder binder, Object[] parameters, CultureInfo culture)
[xUnit.net 00:00:00.51]     DnD_Character_Sheet_Creator.Tests.PlayersApiControl
lerTests.Update_WithInvalidId_ShouldReturnNotFound [FAIL]
[xUnit.net 00:00:00.52]     DnD_Character_Sheet_Creator.Tests.CharactersApiCont
rollerTests.GetById_WithValidId_ShouldReturnOk [FAIL]
[xUnit.net 00:00:00.52]     DnD_Character_Sheet_Creator.Tests.CharacterLevelsAp
iControllerTests.Update_WithValidData_ShouldReturnOk [FAIL]
  Failed DnD_Character_Sheet_Creator.Tests.PlayersApiControllerTests.Update_WithInvalidId_ShouldReturnNotFound [1 ms]
  Error Message:
   System.InvalidOperationException : Services for database providers 'Microsoft.EntityFrameworkCore.SqlServer', 'Microsoft.EntityFrameworkCore.InMemory' have been registered in the service provider. Only a single database provider can be registered in a service provider. If possible, ensure that Entity Framework is managing its service provider by removing the call to 'UseInternalServiceProvider'. Otherwise, consider conditionally registering the database provider, or maintaining one service provider per database provider.
  Stack Trace:
     at Microsoft.EntityFrameworkCore.Internal.DbContextServices.Initialize(IServiceProvider scopedProvider, DbContextOptions contextOptions, DbContext context)
   at Microsoft.EntityFrameworkCore.DbContext.get_ContextServices()
   at Microsoft.EntityFrameworkCore.DbContext.get_InternalServiceProvider()
   at Microsoft.EntityFrameworkCore.DbContext.Microsoft.EntityFrameworkCore.Infrastructure.IInfrastructure<System.IServiceProvider>.get_Instance()
   at Microsoft.EntityFrameworkCore.Infrastructure.DatabaseFacade.Microsoft.EntityFrameworkCore.Infrastructure.IInfrastructure<System.IServiceProvider>.get_Instance()
   at Microsoft.EntityFrameworkCore.RelationalDatabaseFacadeExtensions.GetRelationalService[TService](IInfrastructure`1 databaseFacade)
   at Microsoft.EntityFrameworkCore.RelationalDatabaseFacadeExtensions.Migrate(DatabaseFacade databaseFacade)
   at Program.<Main>$(String[] args) in C:\TVZ\Druga_apsolventska\ASP_Net\Projekt\DnD_Character_Sheet_Creator\DnD_Character_Sheet_Creator.Web\Program.cs:line 57
   at Program.<Main>(String[] args)
   at InvokeStub_Program.<Main>(Object, Span`1)
   at System.Reflection.MethodBaseInvoker.InvokeWithOneArg(Object obj, BindingFlags invokeAttr, Binder binder, Object[] parameters, CultureInfo culture)
--- End of stack trace from previous location ---
   at Microsoft.AspNetCore.Mvc.Testing.DeferredHostBuilder.DeferredHost.StartAsync(CancellationToken cancellationToken)
   at Microsoft.Extensions.Hosting.HostingAbstractionsHostExtensions.Start(IHost host)
   at Microsoft.AspNetCore.Mvc.Testing.WebApplicationFactory`1.CreateHost(IHostBuilder builder)
   at Microsoft.AspNetCore.Mvc.Testing.WebApplicationFactory`1.ConfigureHostBuilder(IHostBuilder hostBuilder)
   at Microsoft.AspNetCore.Mvc.Testing.WebApplicationFactory`1.EnsureServer()
   at Microsoft.AspNetCore.Mvc.Testing.WebApplicationFactory`1.CreateDefaultClient(DelegatingHandler[] handlers)
   at Microsoft.AspNetCore.Mvc.Testing.WebApplicationFactory`1.CreateDefaultClient(Uri baseAddress, DelegatingHandler[] handlers)
   at Microsoft.AspNetCore.Mvc.Testing.WebApplicationFactory`1.CreateClient(WebApplicationFactoryClientOptions options)
   at Microsoft.AspNetCore.Mvc.Testing.WebApplicationFactory`1.CreateClient()
   at DnD_Character_Sheet_Creator.Tests.PlayersApiControllerTests..ctor(DnDTestApplicationFactory factory) in C:\TVZ\Druga_apsolventska\ASP_Net\Projekt\DnD_Character_Sheet_Creator\DnD_Character_Sheet_Creator.Tests\PlayersApiControllerTests.cs:line 19
   at InvokeStub_PlayersApiControllerTests..ctor(Object, Span`1)
   at System.Reflection.MethodBaseInvoker.InvokeWithOneArg(Object obj, BindingFlags invokeAttr, Binder binder, Object[] parameters, CultureInfo culture)
  Failed DnD_Character_Sheet_Creator.Tests.CharactersApiControllerTests.GetById_WithValidId_ShouldReturnOk [1 ms]
  Error Message:
   System.InvalidOperationException : Services for database providers 'Microsoft.EntityFrameworkCore.SqlServer', 'Microsoft.EntityFrameworkCore.InMemory' have been registered in the service provider. Only a single database provider can be registered in a service provider. If possible, ensure that Entity Framework is managing its service provider by removing the call to 'UseInternalServiceProvider'. Otherwise, consider conditionally registering the database provider, or maintaining one service provider per database provider.
  Stack Trace:
     at Microsoft.EntityFrameworkCore.Internal.DbContextServices.Initialize(IServiceProvider scopedProvider, DbContextOptions contextOptions, DbContext context)
   at Microsoft.EntityFrameworkCore.DbContext.get_ContextServices()
   at Microsoft.EntityFrameworkCore.DbContext.get_InternalServiceProvider()
   at Microsoft.EntityFrameworkCore.DbContext.Microsoft.EntityFrameworkCore.Infrastructure.IInfrastructure<System.IServiceProvider>.get_Instance()
   at Microsoft.EntityFrameworkCore.Infrastructure.DatabaseFacade.Microsoft.EntityFrameworkCore.Infrastructure.IInfrastructure<System.IServiceProvider>.get_Instance()
   at Microsoft.EntityFrameworkCore.RelationalDatabaseFacadeExtensions.GetRelationalService[TService](IInfrastructure`1 databaseFacade)
   at Microsoft.EntityFrameworkCore.RelationalDatabaseFacadeExtensions.Migrate(DatabaseFacade databaseFacade)
   at Program.<Main>$(String[] args) in C:\TVZ\Druga_apsolventska\ASP_Net\Projekt\DnD_Character_Sheet_Creator\DnD_Character_Sheet_Creator.Web\Program.cs:line 57
   at Program.<Main>(String[] args)
   at InvokeStub_Program.<Main>(Object, Span`1)
   at System.Reflection.MethodBaseInvoker.InvokeWithOneArg(Object obj, BindingFlags invokeAttr, Binder binder, Object[] parameters, CultureInfo culture)
--- End of stack trace from previous location ---
   at Microsoft.AspNetCore.Mvc.Testing.DeferredHostBuilder.DeferredHost.StartAsync(CancellationToken cancellationToken)
   at Microsoft.Extensions.Hosting.HostingAbstractionsHostExtensions.Start(IHost host)
   at Microsoft.AspNetCore.Mvc.Testing.WebApplicationFactory`1.CreateHost(IHostBuilder builder)
   at Microsoft.AspNetCore.Mvc.Testing.WebApplicationFactory`1.ConfigureHostBuilder(IHostBuilder hostBuilder)
   at Microsoft.AspNetCore.Mvc.Testing.WebApplicationFactory`1.EnsureServer()
   at Microsoft.AspNetCore.Mvc.Testing.WebApplicationFactory`1.CreateDefaultClient(DelegatingHandler[] handlers)
   at Microsoft.AspNetCore.Mvc.Testing.WebApplicationFactory`1.CreateDefaultClient(Uri baseAddress, DelegatingHandler[] handlers)
   at Microsoft.AspNetCore.Mvc.Testing.WebApplicationFactory`1.CreateClient(WebApplicationFactoryClientOptions options)
   at Microsoft.AspNetCore.Mvc.Testing.WebApplicationFactory`1.CreateClient()
   at DnD_Character_Sheet_Creator.Tests.CharactersApiControllerTests..ctor(DnDTestApplicationFactory factory) in C:\TVZ\Druga_apsolventska\ASP_Net\Projekt\DnD_Character_Sheet_Creator\DnD_Character_Sheet_Creator.Tests\CharactersApiControllerTests.cs:line 19
   at InvokeStub_CharactersApiControllerTests..ctor(Object, Span`1)
   at System.Reflection.MethodBaseInvoker.InvokeWithOneArg(Object obj, BindingFlags invokeAttr, Binder binder, Object[] parameters, CultureInfo culture)
  Failed DnD_Character_Sheet_Creator.Tests.CharacterLevelsApiControllerTests.Update_WithValidData_ShouldReturnOk [1 ms]
  Error Message:
   System.InvalidOperationException : Services for database providers 'Microsoft.EntityFrameworkCore.SqlServer', 'Microsoft.EntityFrameworkCore.InMemory' have been registered in the service provider. Only a single database provider can be registered in a service provider. If possible, ensure that Entity Framework is managing its service provider by removing the call to 'UseInternalServiceProvider'. Otherwise, consider conditionally registering the database provider, or maintaining one service provider per database provider.
  Stack Trace:
     at Microsoft.EntityFrameworkCore.Internal.DbContextServices.Initialize(IServiceProvider scopedProvider, DbContextOptions contextOptions, DbContext context)
   at Microsoft.EntityFrameworkCore.DbContext.get_ContextServices()
   at Microsoft.EntityFrameworkCore.DbContext.get_InternalServiceProvider()
   at Microsoft.EntityFrameworkCore.DbContext.Microsoft.EntityFrameworkCore.Infrastructure.IInfrastructure<System.IServiceProvider>.get_Instance()
   at Microsoft.EntityFrameworkCore.Infrastructure.DatabaseFacade.Microsoft.EntityFrameworkCore.Infrastructure.IInfrastructure<System.IServiceProvider>.get_Instance()
   at Microsoft.EntityFrameworkCore.RelationalDatabaseFacadeExtensions.GetRelationalService[TService](IInfrastructure`1 databaseFacade)
   at Microsoft.EntityFrameworkCore.RelationalDatabaseFacadeExtensions.Migrate(DatabaseFacade databaseFacade)
   at Program.<Main>$(String[] args) in C:\TVZ\Druga_apsolventska\ASP_Net\Projekt\DnD_Character_Sheet_Creator\DnD_Character_Sheet_Creator.Web\Program.cs:line 57
   at Program.<Main>(String[] args)
   at InvokeStub_Program.<Main>(Object, Span`1)
   at System.Reflection.MethodBaseInvoker.InvokeWithOneArg(Object obj, BindingFlags invokeAttr, Binder binder, Object[] parameters, CultureInfo culture)
--- End of stack trace from previous location ---
   at Microsoft.AspNetCore.Mvc.Testing.DeferredHostBuilder.DeferredHost.StartAsync(CancellationToken cancellationToken)
   at Microsoft.Extensions.Hosting.HostingAbstractionsHostExtensions.Start(IHost host)
   at Microsoft.AspNetCore.Mvc.Testing.WebApplicationFactory`1.CreateHost(IHostBuilder builder)
   at Microsoft.AspNetCore.Mvc.Testing.WebApplicationFactory`1.ConfigureHostBuilder(IHostBuilder hostBuilder)
   at Microsoft.AspNetCore.Mvc.Testing.WebApplicationFactory`1.EnsureServer()
   at Microsoft.AspNetCore.Mvc.Testing.WebApplicationFactory`1.CreateDefaultClient(DelegatingHandler[] handlers)
   at Microsoft.AspNetCore.Mvc.Testing.WebApplicationFactory`1.CreateDefaultClient(Uri baseAddress, DelegatingHandler[] handlers)
   at Microsoft.AspNetCore.Mvc.Testing.WebApplicationFactory`1.CreateClient(WebApplicationFactoryClientOptions options)
   at Microsoft.AspNetCore.Mvc.Testing.WebApplicationFactory`1.CreateClient()
   at DnD_Character_Sheet_Creator.Tests.CharacterLevelsApiControllerTests..ctor(DnDTestApplicationFactory factory) in C:\TVZ\Druga_apsolventska\ASP_Net\Projekt\DnD_Character_Sheet_Creator\DnD_Character_Sheet_Creator.Tests\CharacterLevelsApiControllerTests.cs:line 18
   at InvokeStub_CharacterLevelsApiControllerTests..ctor(Object, Span`1)
   at System.Reflection.MethodBaseInvoker.InvokeWithOneArg(Object obj, BindingFlags invokeAttr, Binder binder, Object[] parameters, CultureInfo culture)

Failed!  - Failed:    38, Passed:     0, Skipped:     0, Total:    38, Duration: 150 ms - DnD_Character_Sheet_Creator.Tests.dll (net9.0)
